*** Using Compiler 'V5.06 update 7 (build 960)', folder: 'F:\ITtool\Keil_v5\ARM\ARMCC\Bin'
Build target '01_GetWay'
assembling startup_stm32f103xb.s...
compiling stm32f1xx_hal_msp.c...
compiling stm32f1xx_hal_gpio_ex.c...
compiling gpio.c...
compiling spi.c...
compiling usart.c...
compiling stm32f1xx_it.c...
compiling main.c...
compiling stm32f1xx_hal.c...
compiling stm32f1xx_hal_rcc_ex.c...
compiling stm32f1xx_hal_gpio.c...
compiling stm32f1xx_hal_dma.c...
compiling stm32f1xx_hal_cortex.c...
compiling stm32f1xx_hal_rcc.c...
compiling stm32f1xx_hal_spi.c...
compiling stm32f1xx_hal_tim_ex.c...
compiling stm32f1xx_hal_tim.c...
compiling stm32f1xx_hal_flash.c...
compiling stm32f1xx_hal_exti.c...
compiling stm32f1xx_hal_pwr.c...
compiling stm32f1xx_hal_flash_ex.c...
compiling stm32f1xx_hal_uart.c...
compiling heap_4.c...
compiling port.c...
compiling croutine.c...
compiling event_groups.c...
compiling cJSON.c...
compiling list.c...
compiling timers.c...
compiling stream_buffer.c...
compiling queue.c...
compiling tasks.c...
compiling socket.c...
compiling Com_Delay.c...
compiling system_stm32f1xx.c...
compiling Com_Debug.c...
compiling w5500.c...
compiling mqtt_interface.c...
compiling MQTTClient.c...
compiling MQTTConnectClient.c...
compiling MQTTConnectServer.c...
compiling MQTTDeserializePublish.c...
compiling App_GateWay_To_Console.c...
compiling MQTTFormat.c...
..\Int\MQTT\MQTTPacket\src\MQTTFormat.c(197): warning:  #550-D: variable "rc"  was set but never used
  		int rc;
..\Int\MQTT\MQTTPacket\src\MQTTFormat.c: 1 warning, 0 errors
compiling MQTTPacket.c...
compiling App_main.c...
compiling MQTTSerializePublish.c...
compiling MQTTSubscribeClient.c...
compiling MQTTSubscribeServer.c...
compiling MQTTUnsubscribeServer.c...
compiling MQTTUnsubscribeClient.c...
compiling mbcrc.c...
compiling App_Console_To_GateWay.c...
compiling Int_W5500.c...
compiling wizchip_conf.c...
compiling Int_ModBus.c...
compiling Int_MQTT.c...
linking...
Program Size: Code=29068 RO-data=1064 RW-data=272 ZI-data=13408  
FromELF: creating hex file...
"01_GetWay\01_GetWay.axf" - 0 Error(s), 1 Warning(s).
Build Time Elapsed:  00:00:28
