Component: ARM Compiler 5.06 update 7 (build 960) Tool: armlink [4d3601]

==============================================================================

Section Cross References

    startup_stm32f103xb.o(RESET) refers to startup_stm32f103xb.o(STACK) for __initial_sp
    startup_stm32f103xb.o(RESET) refers to startup_stm32f103xb.o(.text) for Reset_Handler
    startup_stm32f103xb.o(RESET) refers to stm32f1xx_it.o(i.NMI_Handler) for NMI_Handler
    startup_stm32f103xb.o(RESET) refers to stm32f1xx_it.o(i.HardFault_Handler) for HardFault_Handler
    startup_stm32f103xb.o(RESET) refers to stm32f1xx_it.o(i.MemManage_Handler) for MemManage_Handler
    startup_stm32f103xb.o(RESET) refers to stm32f1xx_it.o(i.BusFault_Handler) for BusFault_Handler
    startup_stm32f103xb.o(RESET) refers to stm32f1xx_it.o(i.UsageFault_Handler) for UsageFault_Handler
    startup_stm32f103xb.o(RESET) refers to port.o(.emb_text) for SVC_Handler
    startup_stm32f103xb.o(RESET) refers to stm32f1xx_it.o(i.DebugMon_Handler) for DebugMon_Handler
    startup_stm32f103xb.o(RESET) refers to stm32f1xx_it.o(i.SysTick_Handler) for SysTick_Handler
    startup_stm32f103xb.o(RESET) refers to stm32f1xx_it.o(i.USART2_IRQHandler) for USART2_IRQHandler
    startup_stm32f103xb.o(.text) refers to system_stm32f1xx.o(i.SystemInit) for SystemInit
    startup_stm32f103xb.o(.text) refers to entry.o(.ARM.Collect$$$$00000000) for __main
    main.o(i.SystemClock_Config) refers to memseta.o(.text) for __aeabi_memclr4
    main.o(i.SystemClock_Config) refers to stm32f1xx_hal_rcc.o(i.HAL_RCC_OscConfig) for HAL_RCC_OscConfig
    main.o(i.SystemClock_Config) refers to stm32f1xx_hal_rcc.o(i.HAL_RCC_ClockConfig) for HAL_RCC_ClockConfig
    main.o(i.main) refers to stm32f1xx_hal.o(i.HAL_Init) for HAL_Init
    main.o(i.main) refers to main.o(i.SystemClock_Config) for SystemClock_Config
    main.o(i.main) refers to gpio.o(i.MX_GPIO_Init) for MX_GPIO_Init
    main.o(i.main) refers to usart.o(i.MX_USART1_UART_Init) for MX_USART1_UART_Init
    main.o(i.main) refers to spi.o(i.MX_SPI2_Init) for MX_SPI2_Init
    main.o(i.main) refers to usart.o(i.MX_USART2_UART_Init) for MX_USART2_UART_Init
    main.o(i.main) refers to app_main.o(i.App_main_Start) for App_main_Start
    gpio.o(i.MX_GPIO_Init) refers to stm32f1xx_hal_gpio.o(i.HAL_GPIO_WritePin) for HAL_GPIO_WritePin
    gpio.o(i.MX_GPIO_Init) refers to stm32f1xx_hal_gpio.o(i.HAL_GPIO_Init) for HAL_GPIO_Init
    spi.o(i.HAL_SPI_MspDeInit) refers to stm32f1xx_hal_gpio.o(i.HAL_GPIO_DeInit) for HAL_GPIO_DeInit
    spi.o(i.HAL_SPI_MspInit) refers to stm32f1xx_hal_gpio.o(i.HAL_GPIO_Init) for HAL_GPIO_Init
    spi.o(i.MX_SPI2_Init) refers to stm32f1xx_hal_spi.o(i.HAL_SPI_Init) for HAL_SPI_Init
    spi.o(i.MX_SPI2_Init) refers to main.o(i.Error_Handler) for Error_Handler
    spi.o(i.MX_SPI2_Init) refers to spi.o(.bss) for .bss
    usart.o(i.HAL_UART_MspDeInit) refers to stm32f1xx_hal_gpio.o(i.HAL_GPIO_DeInit) for HAL_GPIO_DeInit
    usart.o(i.HAL_UART_MspDeInit) refers to stm32f1xx_hal_cortex.o(i.HAL_NVIC_DisableIRQ) for HAL_NVIC_DisableIRQ
    usart.o(i.HAL_UART_MspInit) refers to stm32f1xx_hal_gpio.o(i.HAL_GPIO_Init) for HAL_GPIO_Init
    usart.o(i.HAL_UART_MspInit) refers to stm32f1xx_hal_cortex.o(i.HAL_NVIC_SetPriority) for HAL_NVIC_SetPriority
    usart.o(i.HAL_UART_MspInit) refers to stm32f1xx_hal_cortex.o(i.HAL_NVIC_EnableIRQ) for HAL_NVIC_EnableIRQ
    usart.o(i.MX_USART1_UART_Init) refers to stm32f1xx_hal_uart.o(i.HAL_UART_Init) for HAL_UART_Init
    usart.o(i.MX_USART1_UART_Init) refers to main.o(i.Error_Handler) for Error_Handler
    usart.o(i.MX_USART1_UART_Init) refers to usart.o(.bss) for .bss
    usart.o(i.MX_USART2_UART_Init) refers to stm32f1xx_hal_uart.o(i.HAL_UART_Init) for HAL_UART_Init
    usart.o(i.MX_USART2_UART_Init) refers to main.o(i.Error_Handler) for Error_Handler
    usart.o(i.MX_USART2_UART_Init) refers to usart.o(.bss) for .bss
    stm32f1xx_it.o(i.SysTick_Handler) refers to stm32f1xx_hal.o(i.HAL_IncTick) for HAL_IncTick
    stm32f1xx_it.o(i.SysTick_Handler) refers to tasks.o(i.xTaskGetSchedulerState) for xTaskGetSchedulerState
    stm32f1xx_it.o(i.SysTick_Handler) refers to port.o(i.xPortSysTickHandler) for xPortSysTickHandler
    stm32f1xx_it.o(i.USART2_IRQHandler) refers to stm32f1xx_hal_uart.o(i.HAL_UART_IRQHandler) for HAL_UART_IRQHandler
    stm32f1xx_it.o(i.USART2_IRQHandler) refers to usart.o(.bss) for huart2
    stm32f1xx_hal_spi.o(i.HAL_SPI_Abort) refers to stm32f1xx_hal_dma.o(i.HAL_DMA_Abort) for HAL_DMA_Abort
    stm32f1xx_hal_spi.o(i.HAL_SPI_Abort) refers to system_stm32f1xx.o(.data) for SystemCoreClock
    stm32f1xx_hal_spi.o(i.HAL_SPI_Abort) refers to stm32f1xx_hal_spi.o(i.SPI_AbortTx_ISR) for SPI_AbortTx_ISR
    stm32f1xx_hal_spi.o(i.HAL_SPI_Abort) refers to stm32f1xx_hal_spi.o(i.SPI_AbortRx_ISR) for SPI_AbortRx_ISR
    stm32f1xx_hal_spi.o(i.HAL_SPI_Abort_IT) refers to stm32f1xx_hal_dma.o(i.HAL_DMA_Abort_IT) for HAL_DMA_Abort_IT
[...]
    xNumberOfSuccessfulAllocations           0x20000030   Data           4  heap_4.o(.data)
    xNumberOfSuccessfulFrees                 0x20000034   Data           4  heap_4.o(.data)
    xStart                                   0x20000038   Data           8  heap_4.o(.data)
    .data                                    0x20000040   Section        4  port.o(.data)
    uxCriticalNesting                        0x20000040   Data           4  port.o(.data)
    .data                                    0x20000044   Section       64  tasks.o(.data)
    uxDeletedTasksWaitingCleanUp             0x20000048   Data           4  tasks.o(.data)
    uxCurrentNumberOfTasks                   0x2000004c   Data           4  tasks.o(.data)
    xTickCount                               0x20000050   Data           4  tasks.o(.data)
    uxTopReadyPriority                       0x20000054   Data           4  tasks.o(.data)
    xSchedulerRunning                        0x20000058   Data           4  tasks.o(.data)
    xPendedTicks                             0x2000005c   Data           4  tasks.o(.data)
    xYieldPending                            0x20000060   Data           4  tasks.o(.data)
    xNumOfOverflows                          0x20000064   Data           4  tasks.o(.data)
    uxTaskNumber                             0x20000068   Data           4  tasks.o(.data)
    xNextTaskUnblockTime                     0x2000006c   Data           4  tasks.o(.data)
    xIdleTaskHandle                          0x20000070   Data           4  tasks.o(.data)
    uxSchedulerSuspended                     0x20000078   Data           4  tasks.o(.data)
    pxDelayedTaskList                        0x2000007c   Data           4  tasks.o(.data)
    pxOverflowDelayedTaskList                0x20000080   Data           4  tasks.o(.data)
    .data                                    0x20000084   Section        8  app_main.o(.data)
    .data                                    0x2000008c   Section        1  app_console_to_gateway.o(.data)
    .data                                    0x20000090   Section        8  app_gateway_to_console.o(.data)
    .data                                    0x20000098   Section       14  socket.o(.data)
    sock_any_port                            0x20000098   Data           2  socket.o(.data)
    sock_io_mode                             0x2000009a   Data           2  socket.o(.data)
    sock_is_sending                          0x2000009c   Data           2  socket.o(.data)
    .data                                    0x200000a8   Section       52  wizchip_conf.o(.data)
    _DHCP_                                   0x200000a8   Data           1  wizchip_conf.o(.data)
    _DNS_                                    0x200000a9   Data           4  wizchip_conf.o(.data)
    .data                                    0x200000dc   Section       23  int_w5500.o(.data)
    .data                                    0x200000f4   Section        4  mqtt_interface.o(.data)
    .data                                    0x200000f8   Section        4  mqttpacket.o(.data)
    bufptr                                   0x200000f8   Data           4  mqttpacket.o(.data)
    .data                                    0x200000fc   Section        8  int_mqtt.o(.data)
    .data                                    0x20000104   Section        4  stdout.o(.data)
    .data                                    0x20000108   Section        4  mvars.o(.data)
    .data                                    0x2000010c   Section        4  mvars.o(.data)
    .bss                                     0x20000110   Section       88  spi.o(.bss)
    .bss                                     0x20000168   Section      144  usart.o(.bss)
    .bss                                     0x200001f8   Section    10240  heap_4.o(.bss)
    ucHeap                                   0x200001f8   Data       10240  heap_4.o(.bss)
    .bss                                     0x200029f8   Section      200  tasks.o(.bss)
    pxReadyTasksLists                        0x200029f8   Data         100  tasks.o(.bss)
    xDelayedTaskList1                        0x20002a5c   Data          20  tasks.o(.bss)
    xDelayedTaskList2                        0x20002a70   Data          20  tasks.o(.bss)
    xPendingReadyList                        0x20002a84   Data          20  tasks.o(.bss)
    xTasksWaitingTermination                 0x20002a98   Data          20  tasks.o(.bss)
    xSuspendedTaskList                       0x20002aac   Data          20  tasks.o(.bss)
    .bss                                     0x20002ac0   Section       50  app_gateway_to_console.o(.bss)
    .bss                                     0x20002af2   Section       16  socket.o(.bss)
    sock_remained_size                       0x20002af2   Data          16  socket.o(.bss)
    .bss                                     0x20002b04   Section     1132  int_mqtt.o(.bss)
    HEAP                                     0x20002f70   Section      512  startup_stm32f103xb.o(HEAP)
    STACK                                    0x20003170   Section     1024  startup_stm32f103xb.o(STACK)

    Global Symbols

    Symbol Name                              Value     Ov Type        Size  Object(Section)

    BuildAttributes$$THM_ISAv4$P$D$K$B$S$PE$A:L22UL41UL21$X:L11$S22US41US21$IEEE1$IW$USESV6$~STKCKD$USESV7$~SHL$OTIME$ROPI$IEEEJ$EBA8$MICROLIB$REQ8$PRES8$EABIv2 0x00000000   Number         0  anon$$obj.o ABSOLUTE
    __ARM_use_no_argv                        0x00000000   Number         0  main.o ABSOLUTE
    _printf_a                                0x00000000   Number         0  stubs.o ABSOLUTE
    _printf_c                                0x00000000   Number         0  stubs.o ABSOLUTE
    _printf_charcount                        0x00000000   Number         0  stubs.o ABSOLUTE
    _printf_d                                0x00000000   Number         0  stubs.o ABSOLUTE
    _printf_e                                0x00000000   Number         0  stubs.o ABSOLUTE
    _printf_f                                0x00000000   Number         0  stubs.o ABSOLUTE
    _printf_flags                            0x00000000   Number         0  stubs.o ABSOLUTE
    _printf_fp_dec                           0x00000000   Number         0  stubs.o ABSOLUTE
    _printf_fp_hex                           0x00000000   Number         0  stubs.o ABSOLUTE
    _printf_g                                0x00000000   Number         0  stubs.o ABSOLUTE
    _printf_i                                0x00000000   Number         0  stubs.o ABSOLUTE
    _printf_int_dec                          0x00000000   Number         0  stubs.o ABSOLUTE
    _printf_l                                0x00000000   Number         0  stubs.o ABSOLUTE
    _printf_lc                               0x00000000   Number         0  stubs.o ABSOLUTE
    _printf_ll                               0x00000000   Number         0  stubs.o ABSOLUTE
    _printf_lld                              0x00000000   Number         0  stubs.o ABSOLUTE
    _printf_lli                              0x00000000   Number         0  stubs.o ABSOLUTE
    _printf_llo                              0x00000000   Number         0  stubs.o ABSOLUTE
    _printf_llu                              0x00000000   Number         0  stubs.o ABSOLUTE
    _printf_llx                              0x00000000   Number         0  stubs.o ABSOLUTE
    _printf_longlong_dec                     0x00000000   Number         0  stubs.o ABSOLUTE
    _printf_longlong_hex                     0x00000000   Number         0  stubs.o ABSOLUTE
    _printf_longlong_oct                     0x00000000   Number         0  stubs.o ABSOLUTE
    _printf_ls                               0x00000000   Number         0  stubs.o ABSOLUTE
    _printf_mbtowc                           0x00000000   Number         0  stubs.o ABSOLUTE
    _printf_n                                0x00000000   Number         0  stubs.o ABSOLUTE
    _printf_o                                0x00000000   Number         0  stubs.o ABSOLUTE
    _printf_p                                0x00000000   Number         0  stubs.o ABSOLUTE
    _printf_percent                          0x00000000   Number         0  stubs.o ABSOLUTE
    _printf_pre_padding                      0x00000000   Number         0  stubs.o ABSOLUTE
    _printf_return_value                     0x00000000   Number         0  stubs.o ABSOLUTE
    _printf_s                                0x00000000   Number         0  stubs.o ABSOLUTE
    _printf_sizespec                         0x00000000   Number         0  stubs.o ABSOLUTE
    _printf_str                              0x00000000   Number         0  stubs.o ABSOLUTE
    _printf_truncate_signed                  0x00000000   Number         0  stubs.o ABSOLUTE
    _printf_truncate_unsigned                0x00000000   Number         0  stubs.o ABSOLUTE
    _printf_u                                0x00000000   Number         0  stubs.o ABSOLUTE
    _printf_wc                               0x00000000   Number         0  stubs.o ABSOLUTE
    _printf_wctomb                           0x00000000   Number         0  stubs.o ABSOLUTE
    _printf_widthprec                        0x00000000   Number         0  stubs.o ABSOLUTE
    _printf_x                                0x00000000   Number         0  stubs.o ABSOLUTE
    __arm_fini_                               - Undefined Weak Reference
    __cpp_initialize__aeabi_                  - Undefined Weak Reference
    __cxa_finalize                            - Undefined Weak Reference
    __decompress                              - Undefined Weak Reference
    _clock_init                               - Undefined Weak Reference
    _microlib_exit                            - Undefined Weak Reference
    _scanf_int                                - Undefined Weak Reference
    _scanf_longlong                           - Undefined Weak Reference
    _scanf_string                             - Undefined Weak Reference
    __Vectors_Size                           0x000000ec   Number         0  startup_stm32f103xb.o ABSOLUTE
    __Vectors                                0x08000000   Data           4  startup_stm32f103xb.o(RESET)
    __Vectors_End                            0x080000ec   Data           0  startup_stm32f103xb.o(RESET)
    __main                                   0x080000ed   Thumb Code     0  entry.o(.ARM.Collect$$$$00000000)
    _main_stk                                0x080000ed   Thumb Code     0  entry2.o(.ARM.Collect$$$$00000001)
    _main_scatterload                        0x080000f1   Thumb Code     0  entry5.o(.ARM.Collect$$$$00000004)
    __main_after_scatterload                 0x080000f5   Thumb Code     0  entry5.o(.ARM.Collect$$$$00000004)
    _main_clock                              0x080000f5   Thumb Code     0  entry7b.o(.ARM.Collect$$$$00000008)
    _main_cpp_init                           0x080000f5   Thumb Code     0  entry8b.o(.ARM.Collect$$$$0000000A)
    _main_init                               0x080000f5   Thumb Code     0  entry9a.o(.ARM.Collect$$$$0000000B)
    __rt_lib_shutdown_fini                   0x080000fd   Thumb Code     0  entry12b.o(.ARM.Collect$$$$0000000E)
    __rt_final_cpp                           0x08000101   Thumb Code     0  entry10a.o(.ARM.Collect$$$$0000000F)
    __rt_final_exit                          0x08000101   Thumb Code     0  entry11a.o(.ARM.Collect$$$$00000011)
    SVC_Handler                              0x08000105   Thumb Code    32  port.o(.emb_text)
    __asm___6_port_c_39a90d8d__prvStartFirstTask 0x08000129   Thumb Code    28  port.o(.emb_text)
    PendSV_Handler                           0x08000149   Thumb Code    72  port.o(.emb_text)
    vPortGetIPSR                             0x08000195   Thumb Code     6  port.o(.emb_text)
    Reset_Handler                            0x0800019d   Thumb Code     8  startup_stm32f103xb.o(.text)
    ADC1_2_IRQHandler                        0x080001b7   Thumb Code     0  startup_stm32f103xb.o(.text)
    CAN1_RX1_IRQHandler                      0x080001b7   Thumb Code     0  startup_stm32f103xb.o(.text)
    CAN1_SCE_IRQHandler                      0x080001b7   Thumb Code     0  startup_stm32f103xb.o(.text)
    DMA1_Channel1_IRQHandler                 0x080001b7   Thumb Code     0  startup_stm32f103xb.o(.text)
    DMA1_Channel2_IRQHandler                 0x080001b7   Thumb Code     0  startup_stm32f103xb.o(.text)
    DMA1_Channel3_IRQHandler                 0x080001b7   Thumb Code     0  startup_stm32f103xb.o(.text)
    DMA1_Channel4_IRQHandler                 0x080001b7   Thumb Code     0  startup_stm32f103xb.o(.text)
    DMA1_Channel5_IRQHandler                 0x080001b7   Thumb Code     0  startup_stm32f103xb.o(.text)
    DMA1_Channel6_IRQHandler                 0x080001b7   Thumb Code     0  startup_stm32f103xb.o(.text)
    DMA1_Channel7_IRQHandler                 0x080001b7   Thumb Code     0  startup_stm32f103xb.o(.text)
    EXTI0_IRQHandler                         0x080001b7   Thumb Code     0  startup_stm32f103xb.o(.text)
    EXTI15_10_IRQHandler                     0x080001b7   Thumb Code     0  startup_stm32f103xb.o(.text)
    EXTI1_IRQHandler                         0x080001b7   Thumb Code     0  startup_stm32f103xb.o(.text)
    EXTI2_IRQHandler                         0x080001b7   Thumb Code     0  startup_stm32f103xb.o(.text)
    EXTI3_IRQHandler                         0x080001b7   Thumb Code     0  startup_stm32f103xb.o(.text)
    EXTI4_IRQHandler                         0x080001b7   Thumb Code     0  startup_stm32f103xb.o(.text)
    EXTI9_5_IRQHandler                       0x080001b7   Thumb Code     0  startup_stm32f103xb.o(.text)
    FLASH_IRQHandler                         0x080001b7   Thumb Code     0  startup_stm32f103xb.o(.text)
    I2C1_ER_IRQHandler                       0x080001b7   Thumb Code     0  startup_stm32f103xb.o(.text)
    I2C1_EV_IRQHandler                       0x080001b7   Thumb Code     0  startup_stm32f103xb.o(.text)
    I2C2_ER_IRQHandler                       0x080001b7   Thumb Code     0  startup_stm32f103xb.o(.text)
    I2C2_EV_IRQHandler                       0x080001b7   Thumb Code     0  startup_stm32f103xb.o(.text)
    PVD_IRQHandler                           0x080001b7   Thumb Code     0  startup_stm32f103xb.o(.text)
    RCC_IRQHandler                           0x080001b7   Thumb Code     0  startup_stm32f103xb.o(.text)
    RTC_Alarm_IRQHandler                     0x080001b7   Thumb Code     0  startup_stm32f103xb.o(.text)
    RTC_IRQHandler                           0x080001b7   Thumb Code     0  startup_stm32f103xb.o(.text)
    SPI1_IRQHandler                          0x080001b7   Thumb Code     0  startup_stm32f103xb.o(.text)
    SPI2_IRQHandler                          0x080001b7   Thumb Code     0  startup_stm32f103xb.o(.text)
    TAMPER_IRQHandler                        0x080001b7   Thumb Code     0  startup_stm32f103xb.o(.text)
    TIM1_BRK_IRQHandler                      0x080001b7   Thumb Code     0  startup_stm32f103xb.o(.text)
    TIM1_CC_IRQHandler                       0x080001b7   Thumb Code     0  startup_stm32f103xb.o(.text)
    TIM1_TRG_COM_IRQHandler                  0x080001b7   Thumb Code     0  startup_stm32f103xb.o(.text)
    TIM1_UP_IRQHandler                       0x080001b7   Thumb Code     0  startup_stm32f103xb.o(.text)
    TIM2_IRQHandler                          0x080001b7   Thumb Code     0  startup_stm32f103xb.o(.text)
    TIM3_IRQHandler                          0x080001b7   Thumb Code     0  startup_stm32f103xb.o(.text)
    TIM4_IRQHandler                          0x080001b7   Thumb Code     0  startup_stm32f103xb.o(.text)
    USART1_IRQHandler                        0x080001b7   Thumb Code     0  startup_stm32f103xb.o(.text)
    USART3_IRQHandler                        0x080001b7   Thumb Code     0  startup_stm32f103xb.o(.text)
    USBWakeUp_IRQHandler                     0x080001b7   Thumb Code     0  startup_stm32f103xb.o(.text)
    USB_HP_CAN1_TX_IRQHandler                0x080001b7   Thumb Code     0  startup_stm32f103xb.o(.text)
    USB_LP_CAN1_RX0_IRQHandler               0x080001b7   Thumb Code     0  startup_stm32f103xb.o(.text)
    WWDG_IRQHandler                          0x080001b7   Thumb Code     0  startup_stm32f103xb.o(.text)
    __aeabi_llsr                             0x080001c1   Thumb Code    32  llushr.o(.text)
    _ll_ushift_r                             0x080001c1   Thumb Code     0  llushr.o(.text)
    tolower                                  0x080001e1   Thumb Code    12  tolower.o(.text)
    __aeabi_memcpy                           0x080001ed   Thumb Code    36  memcpya.o(.text)
    __aeabi_memcpy4                          0x080001ed   Thumb Code     0  memcpya.o(.text)
    __aeabi_memcpy8                          0x080001ed   Thumb Code     0  memcpya.o(.text)
    __aeabi_memset                           0x08000211   Thumb Code    14  memseta.o(.text)
    __aeabi_memset4                          0x08000211   Thumb Code     0  memseta.o(.text)
    __aeabi_memset8                          0x08000211   Thumb Code     0  memseta.o(.text)
    __aeabi_memclr                           0x0800021f   Thumb Code     4  memseta.o(.text)
    __aeabi_memclr4                          0x0800021f   Thumb Code     0  memseta.o(.text)
    __aeabi_memclr8                          0x0800021f   Thumb Code     0  memseta.o(.text)
    _memset$wrapper                          0x08000223   Thumb Code    18  memseta.o(.text)
    strlen                                   0x08000235   Thumb Code    14  strlen.o(.text)
    strcmp                                   0x08000243   Thumb Code    28  strcmp.o(.text)
    strcpy                                   0x0800025f   Thumb Code    18  strcpy.o(.text)
    strncmp                                  0x08000271   Thumb Code    30  strncmp.o(.text)
    strrchr                                  0x0800028f   Thumb Code    22  strrchr.o(.text)
    __0sscanf                                0x080002a5   Thumb Code    48  __0sscanf.o(.text)
    _scanf_real                              0x08000405   Thumb Code     0  scanf_fp.o(.text)
    _scanf_really_real                       0x08000405   Thumb Code   556  scanf_fp.o(.text)
    __aeabi_dadd                             0x0800063d   Thumb Code   322  dadd.o(.text)
    __aeabi_dsub                             0x0800077f   Thumb Code     6  dadd.o(.text)
    __aeabi_drsub                            0x08000785   Thumb Code     6  dadd.o(.text)
    __ARM_scalbn                             0x0800078b   Thumb Code    46  dscalb.o(.text)
    scalbn                                   0x0800078b   Thumb Code     0  dscalb.o(.text)
    __aeabi_i2d                              0x080007b9   Thumb Code    34  dflti.o(.text)
    __aeabi_ui2d                             0x080007db   Thumb Code    26  dfltui.o(.text)
    __aeabi_d2iz                             0x080007f5   Thumb Code    62  dfixi.o(.text)
    __aeabi_f2d                              0x08000833   Thumb Code    38  f2d.o(.text)
    __aeabi_cdcmpeq                          0x08000859   Thumb Code     0  cdcmple.o(.text)
    __aeabi_cdcmple                          0x08000859   Thumb Code    48  cdcmple.o(.text)
    __aeabi_cdrcmple                         0x08000889   Thumb Code    48  cdrcmple.o(.text)
    __aeabi_d2f                              0x080008b9   Thumb Code    56  d2f.o(.text)
    __aeabi_uidiv                            0x080008f1   Thumb Code     0  uidiv.o(.text)
    __aeabi_uidivmod                         0x080008f1   Thumb Code    44  uidiv.o(.text)
    __aeabi_uldivmod                         0x0800091d   Thumb Code    98  uldiv.o(.text)
    __aeabi_llsl                             0x0800097f   Thumb Code    30  llshl.o(.text)
    _ll_shift_l                              0x0800097f   Thumb Code     0  llshl.o(.text)
    __aeabi_lasr                             0x0800099d   Thumb Code    36  llsshr.o(.text)
    _ll_sshift_r                             0x0800099d   Thumb Code     0  llsshr.o(.text)
    __vfscanf_char                           0x080009cd   Thumb Code    20  scanf_char.o(.text)
    _sgetc                                   0x080009e9   Thumb Code    30  _sgetc.o(.text)
    _sbackspace                              0x08000a07   Thumb Code    34  _sgetc.o(.text)
    __strtod_int                             0x08000a5f   Thumb Code    90  strtod.o(.text)
    __I$use$fp                               0x08000ac5   Thumb Code     0  iusefp.o(.text)
    _float_round                             0x08000ac5   Thumb Code    18  fepilogue.o(.text)
    _float_epilogue                          0x08000ad7   Thumb Code    92  fepilogue.o(.text)
    _double_round                            0x08000b33   Thumb Code    30  depilogue.o(.text)
    _double_epilogue                         0x08000b51   Thumb Code   156  depilogue.o(.text)
    __aeabi_dmul                             0x08000bed   Thumb Code   228  dmul.o(.text)
    __aeabi_ddiv                             0x08000cd1   Thumb Code   222  ddiv.o(.text)
    __aeabi_ul2d                             0x08000daf   Thumb Code    24  dfltul.o(.text)
    __aeabi_d2ulz                            0x08000dc7   Thumb Code    48  dfixul.o(.text)
    __scatterload                            0x08000df9   Thumb Code    28  init.o(.text)
    __scatterload_rt2                        0x08000df9   Thumb Code     0  init.o(.text)
    isspace                                  0x08000e1d   Thumb Code    10  isspace_c.o(.text)
    __vfscanf                                0x08000e29   Thumb Code   810  _scanf.o(.text)
    __ctype_lookup                           0x08001159   Thumb Code    34  ctype_c.o(.text)
    App_SendJsondatatoserver                 0x08001181   Thumb Code   114  app_gateway_to_console.o(i.App_SendJsondatatoserver)
    App_Set_recevice_data                    0x08001249   Thumb Code    32  app_gateway_to_console.o(i.App_Set_recevice_data)
    App_main_Start                           0x08001271   Thumb Code   102  app_main.o(i.App_main_Start)
    BusFault_Handler                         0x08001335   Thumb Code     2  stm32f1xx_it.o(i.BusFault_Handler)
    Com_Delay_ms                             0x08001337   Thumb Code     4  com_delay.o(i.Com_Delay_ms)
    Com_Delay_s                              0x0800133b   Thumb Code    24  com_delay.o(i.Com_Delay_s)
    ConnectNetwork                           0x08001353   Thumb Code    48  mqtt_interface.o(i.ConnectNetwork)
    DebugMon_Handler                         0x08001383   Thumb Code     2  stm32f1xx_it.o(i.DebugMon_Handler)
    Error_Handler                            0x08001385   Thumb Code     4  main.o(i.Error_Handler)
    GetData                                  0x08001389   Thumb Code   142  app_console_to_gateway.o(i.GetData)
    HAL_DMA_Abort                            0x08001465   Thumb Code    70  stm32f1xx_hal_dma.o(i.HAL_DMA_Abort)
    HAL_DMA_Abort_IT                         0x080014ad   Thumb Code   148  stm32f1xx_hal_dma.o(i.HAL_DMA_Abort_IT)
    HAL_Delay                                0x08001545   Thumb Code    32  stm32f1xx_hal.o(i.HAL_Delay)
    HAL_GPIO_Init                            0x08001569   Thumb Code   446  stm32f1xx_hal_gpio.o(i.HAL_GPIO_Init)
    HAL_GPIO_WritePin                        0x08001749   Thumb Code    10  stm32f1xx_hal_gpio.o(i.HAL_GPIO_WritePin)
    HAL_GetTick                              0x08001755   Thumb Code     6  stm32f1xx_hal.o(i.HAL_GetTick)
    HAL_IncTick                              0x08001761   Thumb Code    12  stm32f1xx_hal.o(i.HAL_IncTick)
    HAL_Init                                 0x08001771   Thumb Code    32  stm32f1xx_hal.o(i.HAL_Init)
    HAL_InitTick                             0x08001795   Thumb Code    54  stm32f1xx_hal.o(i.HAL_InitTick)
    HAL_MspInit                              0x080017d5   Thumb Code    52  stm32f1xx_hal_msp.o(i.HAL_MspInit)
    HAL_NVIC_EnableIRQ                       0x08001811   Thumb Code    26  stm32f1xx_hal_cortex.o(i.HAL_NVIC_EnableIRQ)
    HAL_NVIC_SetPriority                     0x0800182d   Thumb Code    60  stm32f1xx_hal_cortex.o(i.HAL_NVIC_SetPriority)
    HAL_NVIC_SetPriorityGrouping             0x0800186d   Thumb Code    26  stm32f1xx_hal_cortex.o(i.HAL_NVIC_SetPriorityGrouping)
    HAL_RCC_ClockConfig                      0x08001891   Thumb Code   280  stm32f1xx_hal_rcc.o(i.HAL_RCC_ClockConfig)
    HAL_RCC_GetPCLK1Freq                     0x080019bd   Thumb Code    20  stm32f1xx_hal_rcc.o(i.HAL_RCC_GetPCLK1Freq)
    HAL_RCC_GetPCLK2Freq                     0x080019dd   Thumb Code    20  stm32f1xx_hal_rcc.o(i.HAL_RCC_GetPCLK2Freq)
    HAL_RCC_GetSysClockFreq                  0x080019fd   Thumb Code    58  stm32f1xx_hal_rcc.o(i.HAL_RCC_GetSysClockFreq)
    HAL_RCC_OscConfig                        0x08001a49   Thumb Code   778  stm32f1xx_hal_rcc.o(i.HAL_RCC_OscConfig)
    HAL_SPI_Init                             0x08001d69   Thumb Code   178  stm32f1xx_hal_spi.o(i.HAL_SPI_Init)
    HAL_SPI_MspInit                          0x08001e1d   Thumb Code   102  spi.o(i.HAL_SPI_MspInit)
    HAL_SPI_Receive                          0x08001e91   Thumb Code   340  stm32f1xx_hal_spi.o(i.HAL_SPI_Receive)
    HAL_SPI_Transmit                         0x08001fe5   Thumb Code   358  stm32f1xx_hal_spi.o(i.HAL_SPI_Transmit)
    HAL_SPI_TransmitReceive                  0x0800214b   Thumb Code   496  stm32f1xx_hal_spi.o(i.HAL_SPI_TransmitReceive)
    HAL_SYSTICK_Config                       0x0800233b   Thumb Code    40  stm32f1xx_hal_cortex.o(i.HAL_SYSTICK_Config)
    HAL_UARTEx_ReceiveToIdle_IT              0x08002363   Thumb Code    78  stm32f1xx_hal_uart.o(i.HAL_UARTEx_ReceiveToIdle_IT)
    HAL_UARTEx_RxEventCallback               0x080023b1   Thumb Code    72  app_gateway_to_console.o(i.HAL_UARTEx_RxEventCallback)
    HAL_UART_ErrorCallback                   0x08002411   Thumb Code     2  stm32f1xx_hal_uart.o(i.HAL_UART_ErrorCallback)
    HAL_UART_IRQHandler                      0x08002415   Thumb Code   616  stm32f1xx_hal_uart.o(i.HAL_UART_IRQHandler)
    HAL_UART_Init                            0x08002681   Thumb Code   100  stm32f1xx_hal_uart.o(i.HAL_UART_Init)
    HAL_UART_MspInit                         0x080026e5   Thumb Code   186  usart.o(i.HAL_UART_MspInit)
    HAL_UART_RxCpltCallback                  0x080027b1   Thumb Code     2  stm32f1xx_hal_uart.o(i.HAL_UART_RxCpltCallback)
    HAL_UART_Transmit                        0x080027b3   Thumb Code   160  stm32f1xx_hal_uart.o(i.HAL_UART_Transmit)
    HAL_UART_TxCpltCallback                  0x08002853   Thumb Code     2  stm32f1xx_hal_uart.o(i.HAL_UART_TxCpltCallback)
    HardFault_Handler                        0x08002855   Thumb Code     2  stm32f1xx_it.o(i.HardFault_Handler)
    Int_MQTT_ConsoleGetData                  0x08002859   Thumb Code     6  int_mqtt.o(i.Int_MQTT_ConsoleGetData)
    Int_MQTT_CreateClent                     0x08002865   Thumb Code   140  int_mqtt.o(i.Int_MQTT_CreateClent)
    Int_MQTT_Init                            0x08002a35   Thumb Code    18  int_mqtt.o(i.Int_MQTT_Init)
    Int_MQTT_Refsh                           0x08002a49   Thumb Code    10  int_mqtt.o(i.Int_MQTT_Refsh)
    Int_MQTT_SendMessage                     0x08002a59   Thumb Code    30  int_mqtt.o(i.Int_MQTT_SendMessage)
    Int_ModBus_SendCMD                       0x08002a91   Thumb Code    62  int_modbus.o(i.Int_ModBus_SendCMD)
    Int_Modbus_ReadInputReg                  0x08002af5   Thumb Code    66  int_modbus.o(i.Int_Modbus_ReadInputReg)
    Int_Modbus_WriteHoldingRegs16            0x08002b39   Thumb Code   124  int_modbus.o(i.Int_Modbus_WriteHoldingRegs16)
    Int_W5500_Init                           0x08002bb5   Thumb Code    68  int_w5500.o(i.Int_W5500_Init)
    MQTTClientInit                           0x08002c05   Thumb Code    58  mqttclient.o(i.MQTTClientInit)
    MQTTConnect                              0x08002c41   Thumb Code   146  mqttclient.o(i.MQTTConnect)
    MQTTDeserialize_ack                      0x08002cd9   Thumb Code    72  mqttdeserializepublish.o(i.MQTTDeserialize_ack)
    MQTTDeserialize_connack                  0x08002d21   Thumb Code    90  mqttconnectclient.o(i.MQTTDeserialize_connack)
    MQTTDeserialize_publish                  0x08002d7b   Thumb Code   140  mqttdeserializepublish.o(i.MQTTDeserialize_publish)
    MQTTDeserialize_suback                   0x08002e07   Thumb Code   124  mqttsubscribeclient.o(i.MQTTDeserialize_suback)
    MQTTPacket_decode                        0x08002e83   Thumb Code    54  mqttpacket.o(i.MQTTPacket_decode)
    MQTTPacket_decodeBuf                     0x08002eb9   Thumb Code    10  mqttpacket.o(i.MQTTPacket_decodeBuf)
    MQTTPacket_encode                        0x08002ecd   Thumb Code    42  mqttpacket.o(i.MQTTPacket_encode)
    MQTTPacket_equals                        0x08002ef7   Thumb Code    52  mqttpacket.o(i.MQTTPacket_equals)
    MQTTPacket_len                           0x08002f2d   Thumb Code    34  mqttpacket.o(i.MQTTPacket_len)
    MQTTPublish                              0x08002f55   Thumb Code   182  mqttclient.o(i.MQTTPublish)
    MQTTSerialize_ack                        0x0800300b   Thumb Code    72  mqttserializepublish.o(i.MQTTSerialize_ack)
    MQTTSerialize_connect                    0x08003055   Thumb Code   262  mqttconnectclient.o(i.MQTTSerialize_connect)
    MQTTSerialize_connectLength              0x0800316d   Thumb Code   118  mqttconnectclient.o(i.MQTTSerialize_connectLength)
    MQTTSerialize_pingreq                    0x080031e3   Thumb Code     6  mqttconnectclient.o(i.MQTTSerialize_pingreq)
    MQTTSerialize_publish                    0x080031e9   Thumb Code   134  mqttserializepublish.o(i.MQTTSerialize_publish)
    MQTTSerialize_publishLength              0x0800326f   Thumb Code    30  mqttserializepublish.o(i.MQTTSerialize_publishLength)
    MQTTSerialize_subscribe                  0x0800328d   Thumb Code   140  mqttsubscribeclient.o(i.MQTTSerialize_subscribe)
    MQTTSerialize_subscribeLength            0x08003319   Thumb Code    46  mqttsubscribeclient.o(i.MQTTSerialize_subscribeLength)
    MQTTSerialize_zero                       0x08003347   Thumb Code    50  mqttconnectclient.o(i.MQTTSerialize_zero)
    MQTTSubscribe                            0x08003379   Thumb Code   188  mqttclient.o(i.MQTTSubscribe)
    MQTTYield                                0x08003435   Thumb Code    40  mqttclient.o(i.MQTTYield)
    MQTTreceviceHandler                      0x0800345d   Thumb Code    10  int_mqtt.o(i.MQTTreceviceHandler)
    MQTTstrlen                               0x0800346d   Thumb Code    14  mqttpacket.o(i.MQTTstrlen)
    MX_GPIO_Init                             0x0800347d   Thumb Code   154  gpio.o(i.MX_GPIO_Init)
    MX_SPI2_Init                             0x08003525   Thumb Code    60  spi.o(i.MX_SPI2_Init)
    MX_USART1_UART_Init                      0x08003569   Thumb Code    48  usart.o(i.MX_USART1_UART_Init)
    MX_USART2_UART_Init                      0x080035a1   Thumb Code    48  usart.o(i.MX_USART2_UART_Init)
    MemManage_Handler                        0x080035d9   Thumb Code     2  stm32f1xx_it.o(i.MemManage_Handler)
    NMI_Handler                              0x080035db   Thumb Code     2  stm32f1xx_it.o(i.NMI_Handler)
    NewNetwork                               0x080035dd   Thumb Code    16  mqtt_interface.o(i.NewNetwork)
    SysTick_Handler                          0x08003741   Thumb Code    24  stm32f1xx_it.o(i.SysTick_Handler)
    SystemClock_Config                       0x08003759   Thumb Code    94  main.o(i.SystemClock_Config)
    SystemInit                               0x080037b7   Thumb Code     2  system_stm32f1xx.o(i.SystemInit)
    TimerCountdown                           0x080037b9   Thumb Code    20  mqtt_interface.o(i.TimerCountdown)
    TimerCountdownMS                         0x080037d1   Thumb Code    10  mqtt_interface.o(i.TimerCountdownMS)
    TimerInit                                0x080037e1   Thumb Code     6  mqtt_interface.o(i.TimerInit)
    TimerIsExpired                           0x080037e9   Thumb Code    12  mqtt_interface.o(i.TimerIsExpired)
    TimerLeftMS                              0x080037f9   Thumb Code    14  mqtt_interface.o(i.TimerLeftMS)
    UART_Start_Receive_IT                    0x080039e5   Thumb Code    54  stm32f1xx_hal_uart.o(i.UART_Start_Receive_IT)
    USART2_IRQHandler                        0x08003a8d   Thumb Code     6  stm32f1xx_it.o(i.USART2_IRQHandler)
    UsageFault_Handler                       0x08003a99   Thumb Code     2  stm32f1xx_it.o(i.UsageFault_Handler)
    WIZCHIP_READ                             0x08003a9d   Thumb Code    84  w5500.o(i.WIZCHIP_READ)
    WIZCHIP_READ_BUF                         0x08003af5   Thumb Code   112  w5500.o(i.WIZCHIP_READ_BUF)
    WIZCHIP_WRITE                            0x08003b69   Thumb Code    90  w5500.o(i.WIZCHIP_WRITE)
    WIZCHIP_WRITE_BUF                        0x08003bc9   Thumb Code   108  w5500.o(i.WIZCHIP_WRITE_BUF)
    __0printf                                0x08003c39   Thumb Code    22  printfa.o(i.__0printf)
    __1printf                                0x08003c39   Thumb Code     0  printfa.o(i.__0printf)
    __2printf                                0x08003c39   Thumb Code     0  printfa.o(i.__0printf)
    __c89printf                              0x08003c39   Thumb Code     0  printfa.o(i.__0printf)
    printf                                   0x08003c39   Thumb Code     0  printfa.o(i.__0printf)
    __0sprintf                               0x08003c59   Thumb Code    34  printfa.o(i.__0sprintf)
    __1sprintf                               0x08003c59   Thumb Code     0  printfa.o(i.__0sprintf)
    __2sprintf                               0x08003c59   Thumb Code     0  printfa.o(i.__0sprintf)
    __c89sprintf                             0x08003c59   Thumb Code     0  printfa.o(i.__0sprintf)
    sprintf                                  0x08003c59   Thumb Code     0  printfa.o(i.__0sprintf)
    free                                     0x08003ca1   Thumb Code    88  mallocr.o(i.__free$realloc)
    malloc                                   0x08003cfd   Thumb Code    64  mallocr.o(i.__malloc$realloc)
    __scatterload_copy                       0x08003d4d   Thumb Code    14  handlers.o(i.__scatterload_copy)
    __scatterload_null                       0x08003d5b   Thumb Code     2  handlers.o(i.__scatterload_null)
    __scatterload_zeroinit                   0x08003d5d   Thumb Code    14  handlers.o(i.__scatterload_zeroinit)
    _is_digit                                0x08003ef1   Thumb Code    14  scanf_fp.o(i._is_digit)
    bufchar                                  0x08004695   Thumb Code    30  mqttpacket.o(i.bufchar)
    cJSON_AddNumberToObject                  0x080046e9   Thumb Code    46  cjson.o(i.cJSON_AddNumberToObject)
    cJSON_AddStringToObject                  0x0800471d   Thumb Code    44  cjson.o(i.cJSON_AddStringToObject)
    cJSON_CreateNumber                       0x0800474d   Thumb Code    78  cjson.o(i.cJSON_CreateNumber)
    cJSON_CreateObject                       0x080047ad   Thumb Code    18  cjson.o(i.cJSON_CreateObject)
    cJSON_CreateString                       0x080047c5   Thumb Code    44  cjson.o(i.cJSON_CreateString)
    cJSON_Delete                             0x080047f5   Thumb Code    76  cjson.o(i.cJSON_Delete)
    cJSON_GetObjectItem                      0x08004845   Thumb Code     6  cjson.o(i.cJSON_GetObjectItem)
    cJSON_Parse                              0x08004861   Thumb Code     8  cjson.o(i.cJSON_Parse)
    cJSON_ParseWithLengthOpts                0x08004869   Thumb Code   210  cjson.o(i.cJSON_ParseWithLengthOpts)
    cJSON_ParseWithOpts                      0x08004945   Thumb Code    34  cjson.o(i.cJSON_ParseWithOpts)
    cJSON_PrintUnformatted                   0x08004969   Thumb Code     8  cjson.o(i.cJSON_PrintUnformatted)
    cJSON_free                               0x08004975   Thumb Code     6  cjson.o(i.cJSON_free)
    close                                    0x080049a9   Thumb Code   108  socket.o(i.close)
    connect                                  0x08004a75   Thumb Code   258  socket.o(i.connect)
    cycle                                    0x08004b7d   Thumb Code   254  mqttclient.o(i.cycle)
    deliverMessage                           0x08004c7d   Thumb Code   174  mqttclient.o(i.deliverMessage)
    disconnect                               0x08004d2d   Thumb Code   134  socket.o(i.disconnect)
    fputc                                    0x08004e45   Thumb Code    20  com_debug.o(i.fputc)
    getSn_RX_RSR                             0x08004e73   Thumb Code    76  w5500.o(i.getSn_RX_RSR)
    getSn_TX_FSR                             0x08004ebf   Thumb Code    76  w5500.o(i.getSn_TX_FSR)
    keepalive                                0x08004fd5   Thumb Code    80  mqttclient.o(i.keepalive)
    main                                     0x08005025   Thumb Code    30  main.o(i.main)
    pvPortMalloc                             0x08005eb9   Thumb Code   146  heap_4.o(i.pvPortMalloc)
    pxPortInitialiseStack                    0x08005f51   Thumb Code    32  port.o(i.pxPortInitialiseStack)
    readChar                                 0x08005f75   Thumb Code    12  mqttpacket.o(i.readChar)
    readInt                                  0x08005f81   Thumb Code    18  mqttpacket.o(i.readInt)
    readMQTTLenString                        0x08005f93   Thumb Code    52  mqttpacket.o(i.readMQTTLenString)
    realloc                                  0x08006069   Thumb Code   102  mallocr.o(i.realloc)
    recv                                     0x080060d5   Thumb Code   224  socket.o(i.recv)
    reg_wizchip_cris_cbfunc                  0x080061b9   Thumb Code    22  wizchip_conf.o(i.reg_wizchip_cris_cbfunc)
    reg_wizchip_cs_cbfunc                    0x080061dd   Thumb Code    22  wizchip_conf.o(i.reg_wizchip_cs_cbfunc)
    reg_wizchip_spi_cbfunc                   0x08006201   Thumb Code    30  wizchip_conf.o(i.reg_wizchip_spi_cbfunc)
    send                                     0x0800622d   Thumb Code   278  socket.o(i.send)
    socket                                   0x0800639d   Thumb Code   276  socket.o(i.socket)
    strtod                                   0x080064b9   Thumb Code    28  strtod.o(i.strtod)
    task_T                                   0x080064d5   Thumb Code    28  app_console_to_gateway.o(i.task_T)
    task_T_net                               0x080064f5   Thumb Code    58  app_gateway_to_console.o(i.task_T_net)
    usMBCRC16                                0x08006561   Thumb Code    40  mbcrc.o(i.usMBCRC16)
    user_register_callback                   0x0800658d   Thumb Code    30  wizchip_conf.o(i.user_register_callback)
    uxListRemove                             0x08006697   Thumb Code    38  list.o(i.uxListRemove)
    uxTaskGetNumberOfTasks                   0x080066bd   Thumb Code     6  tasks.o(i.uxTaskGetNumberOfTasks)
    vListInitialise                          0x080066c9   Thumb Code    22  list.o(i.vListInitialise)
    vListInitialiseItem                      0x080066df   Thumb Code     6  list.o(i.vListInitialiseItem)
    vListInsert                              0x080066e5   Thumb Code    48  list.o(i.vListInsert)
    vPortEnterCritical                       0x08006715   Thumb Code    24  port.o(i.vPortEnterCritical)
    vPortExitCritical                        0x08006731   Thumb Code    16  port.o(i.vPortExitCritical)
    vPortFree                                0x08006745   Thumb Code    64  heap_4.o(i.vPortFree)
    vPortSetupTimerInterrupt                 0x08006789   Thumb Code    20  port.o(i.vPortSetupTimerInterrupt)
    vTaskDelay                               0x080067a1   Thumb Code    44  tasks.o(i.vTaskDelay)
    vTaskInternalSetTimeOutState             0x080067d1   Thumb Code    12  tasks.o(i.vTaskInternalSetTimeOutState)
    vTaskMissedYield                         0x080067e1   Thumb Code     8  tasks.o(i.vTaskMissedYield)
    vTaskPlaceOnEventList                    0x080067ed   Thumb Code    26  tasks.o(i.vTaskPlaceOnEventList)
    vTaskStartScheduler                      0x0800680d   Thumb Code    64  tasks.o(i.vTaskStartScheduler)
    vTaskSuspendAll                          0x0800685d   Thumb Code    10  tasks.o(i.vTaskSuspendAll)
    vTaskSwitchContext                       0x0800686d   Thumb Code    60  tasks.o(i.vTaskSwitchContext)
    w5x00_disconnect                         0x080068b1   Thumb Code     6  mqtt_interface.o(i.w5x00_disconnect)
    w5x00_read                               0x080068b7   Thumb Code    52  mqtt_interface.o(i.w5x00_read)
    w5x00_write                              0x080068eb   Thumb Code    44  mqtt_interface.o(i.w5x00_write)
    waitfor                                  0x08006917   Thumb Code    42  mqttclient.o(i.waitfor)
    wiz_recv_data                            0x08006941   Thumb Code    96  w5500.o(i.wiz_recv_data)
    wiz_send_data                            0x080069a1   Thumb Code    96  w5500.o(i.wiz_send_data)
    wizchip_bus_readdata                     0x08006a01   Thumb Code     4  wizchip_conf.o(i.wizchip_bus_readdata)
    wizchip_bus_writedata                    0x08006a05   Thumb Code     4  wizchip_conf.o(i.wizchip_bus_writedata)
    wizchip_cris_enter                       0x08006a09   Thumb Code     4  wizchip_conf.o(i.wizchip_cris_enter)
    wizchip_cris_exit                        0x08006a0d   Thumb Code     4  wizchip_conf.o(i.wizchip_cris_exit)
    wizchip_cs_deselect                      0x08006a11   Thumb Code    10  wizchip_conf.o(i.wizchip_cs_deselect)
    wizchip_cs_select                        0x08006a21   Thumb Code    12  wizchip_conf.o(i.wizchip_cs_select)
    wizchip_setnetWork                       0x08006a31   Thumb Code    58  int_w5500.o(i.wizchip_setnetWork)
    wizchip_spi_readbyte                     0x08006a6d   Thumb Code    28  wizchip_conf.o(i.wizchip_spi_readbyte)
    wizchip_spi_writebyte                    0x08006a8d   Thumb Code    18  wizchip_conf.o(i.wizchip_spi_writebyte)
    writeCString                             0x08006aa5   Thumb Code    40  mqttpacket.o(i.writeCString)
    writeChar                                0x08006acd   Thumb Code    12  mqttpacket.o(i.writeChar)
    writeInt                                 0x08006ad9   Thumb Code    30  mqttpacket.o(i.writeInt)
    writeMQTTString                          0x08006af7   Thumb Code    54  mqttpacket.o(i.writeMQTTString)
    xPortStartScheduler                      0x08006b2d   Thumb Code    38  port.o(i.xPortStartScheduler)
    xPortSysTickHandler                      0x08006b5d   Thumb Code    38  port.o(i.xPortSysTickHandler)
    xQueueGenericCreate                      0x08006b89   Thumb Code    70  queue.o(i.xQueueGenericCreate)
    xQueueGenericReset                       0x08006bd1   Thumb Code   144  queue.o(i.xQueueGenericReset)
    xQueueGenericSend                        0x08006c65   Thumb Code   242  queue.o(i.xQueueGenericSend)
    xQueueGiveFromISR                        0x08006d5d   Thumb Code   102  queue.o(i.xQueueGiveFromISR)
    xQueueSemaphoreTake                      0x08006dc5   Thumb Code   220  queue.o(i.xQueueSemaphoreTake)
    xTaskCheckForTimeOut                     0x08006ea5   Thumb Code    82  tasks.o(i.xTaskCheckForTimeOut)
    xTaskCreate                              0x08006efd   Thumb Code    92  tasks.o(i.xTaskCreate)
    xTaskGetSchedulerState                   0x08006f59   Thumb Code    22  tasks.o(i.xTaskGetSchedulerState)
    xTaskIncrementTick                       0x08006f75   Thumb Code   282  tasks.o(i.xTaskIncrementTick)
    xTaskRemoveFromEventList                 0x08007099   Thumb Code   192  tasks.o(i.xTaskRemoveFromEventList)
    xTaskResumeAll                           0x08007161   Thumb Code   266  tasks.o(i.xTaskResumeAll)
    AHBPrescTable                            0x0800728a   Data          16  system_stm32f1xx.o(.constdata)
    APBPrescTable                            0x0800729a   Data           8  system_stm32f1xx.o(.constdata)
    __ctype_categories                       0x08007554   Data          64  ctype_c.o(.constdata)
    Region$$Table$$Base                      0x08007594   Number         0  anon$$obj.o(Region$$Table)
    Region$$Table$$Limit                     0x080075b4   Number         0  anon$$obj.o(Region$$Table)
    uwTickFreq                               0x20000000   Data           1  stm32f1xx_hal.o(.data)
    uwTickPrio                               0x20000004   Data           4  stm32f1xx_hal.o(.data)
    uwTick                                   0x20000008   Data           4  stm32f1xx_hal.o(.data)
    SystemCoreClock                          0x2000000c   Data           4  system_stm32f1xx.o(.data)
    pxCurrentTCB                             0x20000044   Data           4  tasks.o(.data)
    uxTopUsedPriority                        0x20000074   Data           4  tasks.o(.data)
    sem_handler                              0x20000084   Data           4  app_main.o(.data)
    sem_handler1                             0x20000088   Data           4  app_main.o(.data)
    connect_id                               0x2000008c   Data           1  app_console_to_gateway.o(.data)
    running                                  0x20000090   Data           1  app_gateway_to_console.o(.data)
    recevice_size                            0x20000092   Data           2  app_gateway_to_console.o(.data)
    angle                                    0x20000094   Data           4  app_gateway_to_console.o(.data)
    sock_pack_info                           0x2000009e   Data           8  socket.o(.data)
    WIZCHIP                                  0x200000b0   Data          44  wizchip_conf.o(.data)
    default_net_info                         0x200000dc   Data          23  int_w5500.o(.data)
    MilliTimer                               0x200000f4   Data           4  mqtt_interface.o(.data)
    server_ip                                0x200000fc   Data           4  int_mqtt.o(.data)
    msg_cb                                   0x20000100   Data           4  int_mqtt.o(.data)
    __stdout                                 0x20000104   Data           4  stdout.o(.data)
    __microlib_freelist                      0x20000108   Data           4  mvars.o(.data)
    __microlib_freelist_initialised          0x2000010c   Data           4  mvars.o(.data)
    hspi2                                    0x20000110   Data          88  spi.o(.bss)
    huart1                                   0x20000168   Data          72  usart.o(.bss)
    huart2                                   0x200001b0   Data          72  usart.o(.bss)
    recevice_data                            0x20002ac0   Data          50  app_gateway_to_console.o(.bss)
    network                                  0x20002b04   Data          16  int_mqtt.o(.bss)
    client                                   0x20002b14   Data          92  int_mqtt.o(.bss)
    send_buffers                             0x20002b70   Data         512  int_mqtt.o(.bss)
    receice_buffers                          0x20002d70   Data         512  int_mqtt.o(.bss)
    __heap_base                              0x20002f70   Data           0  startup_stm32f103xb.o(HEAP)
    __heap_limit                             0x20003170   Data           0  startup_stm32f103xb.o(HEAP)
    __initial_sp                             0x20003570   Data           0  startup_stm32f103xb.o(STACK)



==============================================================================

Memory Map of the image

  Image Entry point : 0x080000ed

  Load Region LR_IROM1 (Base: 0x08000000, Size: 0x000076c4, Max: 0x00010000, ABSOLUTE)

    Execution Region ER_IROM1 (Exec base: 0x08000000, Load base: 0x08000000, Size: 0x000075b4, Max: 0x00010000, ABSOLUTE)

    Exec Addr    Load Addr    Size         Type   Attr      Idx    E Section Name        Object

    0x08000000   0x08000000   0x000000ec   Data   RO            3    RESET               startup_stm32f103xb.o
    0x080000ec   0x080000ec   0x00000000   Code   RO         5093  * .ARM.Collect$$$$00000000  mc_w.l(entry.o)
    0x080000ec   0x080000ec   0x00000004   Code   RO         5431    .ARM.Collect$$$$00000001  mc_w.l(entry2.o)
    0x080000f0   0x080000f0   0x00000004   Code   RO         5434    .ARM.Collect$$$$00000004  mc_w.l(entry5.o)
    0x080000f4   0x080000f4   0x00000000   Code   RO         5436    .ARM.Collect$$$$00000008  mc_w.l(entry7b.o)
    0x080000f4   0x080000f4   0x00000000   Code   RO         5438    .ARM.Collect$$$$0000000A  mc_w.l(entry8b.o)
    0x080000f4   0x080000f4   0x00000008   Code   RO         5439    .ARM.Collect$$$$0000000B  mc_w.l(entry9a.o)
    0x080000fc   0x080000fc   0x00000004   Code   RO         5446    .ARM.Collect$$$$0000000E  mc_w.l(entry12b.o)
    0x08000100   0x08000100   0x00000000   Code   RO         5441    .ARM.Collect$$$$0000000F  mc_w.l(entry10a.o)
    0x08000100   0x08000100   0x00000000   Code   RO         5443    .ARM.Collect$$$$00000011  mc_w.l(entry11a.o)
    0x08000100   0x08000100   0x00000004   Code   RO         5432    .ARM.Collect$$$$00002712  mc_w.l(entry2.o)
    0x08000104   0x08000104   0x00000096   Code   RO         3009    .emb_text           port.o
    0x0800019a   0x0800019a   0x00000002   PAD
    0x0800019c   0x0800019c   0x00000024   Code   RO            4    .text               startup_stm32f103xb.o
    0x080001c0   0x080001c0   0x00000020   Code   RO         5096    .text               mc_w.l(llushr.o)
    0x080001e0   0x080001e0   0x0000000c   Code   RO         5098    .text               mc_w.l(tolower.o)
    0x080001ec   0x080001ec   0x00000024   Code   RO         5100    .text               mc_w.l(memcpya.o)
    0x08000210   0x08000210   0x00000024   Code   RO         5102    .text               mc_w.l(memseta.o)
    0x08000234   0x08000234   0x0000000e   Code   RO         5104    .text               mc_w.l(strlen.o)
    0x08000242   0x08000242   0x0000001c   Code   RO         5106    .text               mc_w.l(strcmp.o)
    0x0800025e   0x0800025e   0x00000012   Code   RO         5110    .text               mc_w.l(strcpy.o)
    0x08000270   0x08000270   0x0000001e   Code   RO         5112    .text               mc_w.l(strncmp.o)
    0x0800028e   0x0800028e   0x00000016   Code   RO         5114    .text               mc_w.l(strrchr.o)
    0x080002a4   0x080002a4   0x00000038   Code   RO         5407    .text               mc_w.l(__0sscanf.o)
    0x080002dc   0x080002dc   0x00000360   Code   RO         5409    .text               mc_w.l(scanf_fp.o)
    0x0800063c   0x0800063c   0x0000014e   Code   RO         5413    .text               mf_w.l(dadd.o)
    0x0800078a   0x0800078a   0x0000002e   Code   RO         5415    .text               mf_w.l(dscalb.o)
    0x080007b8   0x080007b8   0x00000022   Code   RO         5417    .text               mf_w.l(dflti.o)
    0x080007da   0x080007da   0x0000001a   Code   RO         5419    .text               mf_w.l(dfltui.o)
    0x080007f4   0x080007f4   0x0000003e   Code   RO         5421    .text               mf_w.l(dfixi.o)
    0x08000832   0x08000832   0x00000026   Code   RO         5423    .text               mf_w.l(f2d.o)
    0x08000858   0x08000858   0x00000030   Code   RO         5425    .text               mf_w.l(cdcmple.o)
    0x08000888   0x08000888   0x00000030   Code   RO         5427    .text               mf_w.l(cdrcmple.o)
    0x080008b8   0x080008b8   0x00000038   Code   RO         5429    .text               mf_w.l(d2f.o)
    0x080008f0   0x080008f0   0x0000002c   Code   RO         5448    .text               mc_w.l(uidiv.o)
    0x0800091c   0x0800091c   0x00000062   Code   RO         5450    .text               mc_w.l(uldiv.o)
    0x0800097e   0x0800097e   0x0000001e   Code   RO         5452    .text               mc_w.l(llshl.o)
    0x0800099c   0x0800099c   0x00000024   Code   RO         5454    .text               mc_w.l(llsshr.o)
    0x080009c0   0x080009c0   0x00000028   Code   RO         5458    .text               mc_w.l(scanf_char.o)
    0x080009e8   0x080009e8   0x00000040   Code   RO         5460    .text               mc_w.l(_sgetc.o)
    0x08000a28   0x08000a28   0x0000009c   Code   RO         5462    .text               mc_w.l(strtod.o)
    0x08000ac4   0x08000ac4   0x00000000   Code   RO         5464    .text               mc_w.l(iusefp.o)
    0x08000ac4   0x08000ac4   0x0000006e   Code   RO         5465    .text               mf_w.l(fepilogue.o)
    0x08000b32   0x08000b32   0x000000ba   Code   RO         5467    .text               mf_w.l(depilogue.o)
    0x08000bec   0x08000bec   0x000000e4   Code   RO         5469    .text               mf_w.l(dmul.o)
    0x08000cd0   0x08000cd0   0x000000de   Code   RO         5471    .text               mf_w.l(ddiv.o)
    0x08000dae   0x08000dae   0x00000018   Code   RO         5473    .text               mf_w.l(dfltul.o)
    0x08000dc6   0x08000dc6   0x00000030   Code   RO         5475    .text               mf_w.l(dfixul.o)
    0x08000df6   0x08000df6   0x00000002   PAD
    0x08000df8   0x08000df8   0x00000024   Code   RO         5477    .text               mc_w.l(init.o)
    0x08000e1c   0x08000e1c   0x0000000a   Code   RO         5479    .text               mc_w.l(isspace_c.o)
    0x08000e26   0x08000e26   0x00000002   PAD
    0x08000e28   0x08000e28   0x00000330   Code   RO         5481    .text               mc_w.l(_scanf.o)
    0x08001158   0x08001158   0x00000028   Code   RO         5483    .text               mc_w.l(ctype_c.o)
    0x08001180   0x08001180   0x000000c8   Code   RO         3852    i.App_SendJsondatatoserver  app_gateway_to_console.o
    0x08001248   0x08001248   0x00000028   Code   RO         3853    i.App_Set_recevice_data  app_gateway_to_console.o
    0x08001270   0x08001270   0x000000c4   Code   RO         3770    i.App_main_Start    app_main.o
    0x08001334   0x08001334   0x00000002   Code   RO          366    i.BusFault_Handler  stm32f1xx_it.o
    0x08001336   0x08001336   0x00000004   Code   RO         2269    i.Com_Delay_ms      com_delay.o
    0x0800133a   0x0800133a   0x00000018   Code   RO         2270    i.Com_Delay_s       com_delay.o
    0x08001352   0x08001352   0x00000030   Code   RO         4329    i.ConnectNetwork    mqtt_interface.o
    0x08001382   0x08001382   0x00000002   Code   RO          367    i.DebugMon_Handler  stm32f1xx_it.o
    0x08001384   0x08001384   0x00000004   Code   RO           13    i.Error_Handler     main.o
    0x08001388   0x08001388   0x000000dc   Code   RO         3806    i.GetData           app_console_to_gateway.o
    0x08001464   0x08001464   0x00000046   Code   RO         1199    i.HAL_DMA_Abort     stm32f1xx_hal_dma.o
    0x080014aa   0x080014aa   0x00000002   PAD
    0x080014ac   0x080014ac   0x00000098   Code   RO         1200    i.HAL_DMA_Abort_IT  stm32f1xx_hal_dma.o
    0x08001544   0x08001544   0x00000024   Code   RO          825    i.HAL_Delay         stm32f1xx_hal.o
    0x08001568   0x08001568   0x000001e0   Code   RO         1135    i.HAL_GPIO_Init     stm32f1xx_hal_gpio.o
    0x08001748   0x08001748   0x0000000a   Code   RO         1139    i.HAL_GPIO_WritePin  stm32f1xx_hal_gpio.o
    0x08001752   0x08001752   0x00000002   PAD
    0x08001754   0x08001754   0x0000000c   Code   RO          829    i.HAL_GetTick       stm32f1xx_hal.o
    0x08001760   0x08001760   0x00000010   Code   RO          835    i.HAL_IncTick       stm32f1xx_hal.o
    0x08001770   0x08001770   0x00000024   Code   RO          836    i.HAL_Init          stm32f1xx_hal.o
    0x08001794   0x08001794   0x00000040   Code   RO          837    i.HAL_InitTick      stm32f1xx_hal.o
    0x080017d4   0x080017d4   0x0000003c   Code   RO          436    i.HAL_MspInit       stm32f1xx_hal_msp.o
    0x08001810   0x08001810   0x0000001a   Code   RO         1295    i.HAL_NVIC_EnableIRQ  stm32f1xx_hal_cortex.o
    0x0800182a   0x0800182a   0x00000002   PAD
    0x0800182c   0x0800182c   0x00000040   Code   RO         1301    i.HAL_NVIC_SetPriority  stm32f1xx_hal_cortex.o
    0x0800186c   0x0800186c   0x00000024   Code   RO         1302    i.HAL_NVIC_SetPriorityGrouping  stm32f1xx_hal_cortex.o
    0x08001890   0x08001890   0x0000012c   Code   RO          993    i.HAL_RCC_ClockConfig  stm32f1xx_hal_rcc.o
    0x080019bc   0x080019bc   0x00000020   Code   RO         1000    i.HAL_RCC_GetPCLK1Freq  stm32f1xx_hal_rcc.o
    0x080019dc   0x080019dc   0x00000020   Code   RO         1001    i.HAL_RCC_GetPCLK2Freq  stm32f1xx_hal_rcc.o
    0x080019fc   0x080019fc   0x0000004c   Code   RO         1002    i.HAL_RCC_GetSysClockFreq  stm32f1xx_hal_rcc.o
    0x08001a48   0x08001a48   0x00000320   Code   RO         1005    i.HAL_RCC_OscConfig  stm32f1xx_hal_rcc.o
    0x08001d68   0x08001d68   0x000000b2   Code   RO          507    i.HAL_SPI_Init      stm32f1xx_hal_spi.o
    0x08001e1a   0x08001e1a   0x00000002   PAD
    0x08001e1c   0x08001e1c   0x00000074   Code   RO          277    i.HAL_SPI_MspInit   spi.o
    0x08001e90   0x08001e90   0x00000154   Code   RO          510    i.HAL_SPI_Receive   stm32f1xx_hal_spi.o
    0x08001fe4   0x08001fe4   0x00000166   Code   RO          515    i.HAL_SPI_Transmit  stm32f1xx_hal_spi.o
    0x0800214a   0x0800214a   0x000001f0   Code   RO          516    i.HAL_SPI_TransmitReceive  stm32f1xx_hal_spi.o
    0x0800233a   0x0800233a   0x00000028   Code   RO         1306    i.HAL_SYSTICK_Config  stm32f1xx_hal_cortex.o
    0x08002362   0x08002362   0x0000004e   Code   RO         1842    i.HAL_UARTEx_ReceiveToIdle_IT  stm32f1xx_hal_uart.o
    0x080023b0   0x080023b0   0x00000060   Code   RO         3854    i.HAL_UARTEx_RxEventCallback  app_gateway_to_console.o
    0x08002410   0x08002410   0x00000002   Code   RO         1857    i.HAL_UART_ErrorCallback  stm32f1xx_hal_uart.o
    0x08002412   0x08002412   0x00000002   PAD
    0x08002414   0x08002414   0x0000026c   Code   RO         1860    i.HAL_UART_IRQHandler  stm32f1xx_hal_uart.o
    0x08002680   0x08002680   0x00000064   Code   RO         1861    i.HAL_UART_Init     stm32f1xx_hal_uart.o
    0x080026e4   0x080026e4   0x000000cc   Code   RO          319    i.HAL_UART_MspInit  usart.o
    0x080027b0   0x080027b0   0x00000002   Code   RO         1867    i.HAL_UART_RxCpltCallback  stm32f1xx_hal_uart.o
    0x080027b2   0x080027b2   0x000000a0   Code   RO         1869    i.HAL_UART_Transmit  stm32f1xx_hal_uart.o
    0x08002852   0x08002852   0x00000002   Code   RO         1872    i.HAL_UART_TxCpltCallback  stm32f1xx_hal_uart.o
    0x08002854   0x08002854   0x00000002   Code   RO          368    i.HardFault_Handler  stm32f1xx_it.o
    0x08002856   0x08002856   0x00000002   PAD
    0x08002858   0x08002858   0x0000000c   Code   RO         4936    i.Int_MQTT_ConsoleGetData  int_mqtt.o
    0x08002864   0x08002864   0x00000114   Code   RO         4937    i.Int_MQTT_CreateClent  int_mqtt.o
    0x08002978   0x08002978   0x000000bc   Code   RO         4938    i.Int_MQTT_CreateSocketAndConnentServer  int_mqtt.o
    0x08002a34   0x08002a34   0x00000012   Code   RO         4939    i.Int_MQTT_Init     int_mqtt.o
    0x08002a46   0x08002a46   0x00000002   PAD
    0x08002a48   0x08002a48   0x00000010   Code   RO         4940    i.Int_MQTT_Refsh    int_mqtt.o
    0x08002a58   0x08002a58   0x00000038   Code   RO         4941    i.Int_MQTT_SendMessage  int_mqtt.o
    0x08002a90   0x08002a90   0x00000064   Code   RO         5006    i.Int_ModBus_SendCMD  int_modbus.o
    0x08002af4   0x08002af4   0x00000042   Code   RO         5009    i.Int_Modbus_ReadInputReg  int_modbus.o
    0x08002b36   0x08002b36   0x00000002   PAD
    0x08002b38   0x08002b38   0x0000007c   Code   RO         5014    i.Int_Modbus_WriteHoldingRegs16  int_modbus.o
    0x08002bb4   0x08002bb4   0x00000050   Code   RO         4289    i.Int_W5500_Init    int_w5500.o
    0x08002c04   0x08002c04   0x0000003a   Code   RO         4407    i.MQTTClientInit    mqttclient.o
    0x08002c3e   0x08002c3e   0x00000002   PAD
    0x08002c40   0x08002c40   0x00000098   Code   RO         4408    i.MQTTConnect       mqttclient.o
    0x08002cd8   0x08002cd8   0x00000048   Code   RO         4612    i.MQTTDeserialize_ack  mqttdeserializepublish.o
    0x08002d20   0x08002d20   0x0000005a   Code   RO         4525    i.MQTTDeserialize_connack  mqttconnectclient.o
    0x08002d7a   0x08002d7a   0x0000008c   Code   RO         4613    i.MQTTDeserialize_publish  mqttdeserializepublish.o
    0x08002e06   0x08002e06   0x0000007c   Code   RO         4849    i.MQTTDeserialize_suback  mqttsubscribeclient.o
    0x08002e82   0x08002e82   0x00000036   Code   RO         4699    i.MQTTPacket_decode  mqttpacket.o
    0x08002eb8   0x08002eb8   0x00000014   Code   RO         4700    i.MQTTPacket_decodeBuf  mqttpacket.o
    0x08002ecc   0x08002ecc   0x0000002a   Code   RO         4701    i.MQTTPacket_encode  mqttpacket.o
    0x08002ef6   0x08002ef6   0x00000034   Code   RO         4702    i.MQTTPacket_equals  mqttpacket.o
    0x08002f2a   0x08002f2a   0x00000002   PAD
    0x08002f2c   0x08002f2c   0x00000028   Code   RO         4703    i.MQTTPacket_len    mqttpacket.o
    0x08002f54   0x08002f54   0x000000b6   Code   RO         4410    i.MQTTPublish       mqttclient.o
    0x0800300a   0x0800300a   0x00000048   Code   RO         4807    i.MQTTSerialize_ack  mqttserializepublish.o
    0x08003052   0x08003052   0x00000002   PAD
    0x08003054   0x08003054   0x00000118   Code   RO         4526    i.MQTTSerialize_connect  mqttconnectclient.o
    0x0800316c   0x0800316c   0x00000076   Code   RO         4527    i.MQTTSerialize_connectLength  mqttconnectclient.o
    0x080031e2   0x080031e2   0x00000006   Code   RO         4529    i.MQTTSerialize_pingreq  mqttconnectclient.o
    0x080031e8   0x080031e8   0x00000086   Code   RO         4810    i.MQTTSerialize_publish  mqttserializepublish.o
    0x0800326e   0x0800326e   0x0000001e   Code   RO         4811    i.MQTTSerialize_publishLength  mqttserializepublish.o
    0x0800328c   0x0800328c   0x0000008c   Code   RO         4850    i.MQTTSerialize_subscribe  mqttsubscribeclient.o
    0x08003318   0x08003318   0x0000002e   Code   RO         4851    i.MQTTSerialize_subscribeLength  mqttsubscribeclient.o
    0x08003346   0x08003346   0x00000032   Code   RO         4530    i.MQTTSerialize_zero  mqttconnectclient.o
    0x08003378   0x08003378   0x000000bc   Code   RO         4412    i.MQTTSubscribe     mqttclient.o
    0x08003434   0x08003434   0x00000028   Code   RO         4414    i.MQTTYield         mqttclient.o
    0x0800345c   0x0800345c   0x00000010   Code   RO         4942    i.MQTTreceviceHandler  int_mqtt.o
    0x0800346c   0x0800346c   0x0000000e   Code   RO         4706    i.MQTTstrlen        mqttpacket.o
    0x0800347a   0x0800347a   0x00000002   PAD
    0x0800347c   0x0800347c   0x000000a8   Code   RO          252    i.MX_GPIO_Init      gpio.o
    0x08003524   0x08003524   0x00000044   Code   RO          278    i.MX_SPI2_Init      spi.o
    0x08003568   0x08003568   0x00000038   Code   RO          320    i.MX_USART1_UART_Init  usart.o
    0x080035a0   0x080035a0   0x00000038   Code   RO          321    i.MX_USART2_UART_Init  usart.o
    0x080035d8   0x080035d8   0x00000002   Code   RO          369    i.MemManage_Handler  stm32f1xx_it.o
    0x080035da   0x080035da   0x00000002   Code   RO          370    i.NMI_Handler       stm32f1xx_it.o
    0x080035dc   0x080035dc   0x0000001c   Code   RO         4331    i.NewNetwork        mqtt_interface.o
    0x080035f8   0x080035f8   0x0000005c   Code   RO          544    i.SPI_EndRxTransaction  stm32f1xx_hal_spi.o
    0x08003654   0x08003654   0x00000034   Code   RO          545    i.SPI_EndRxTxTransaction  stm32f1xx_hal_spi.o
    0x08003688   0x08003688   0x000000b8   Code   RO          550    i.SPI_WaitFlagStateUntilTimeout  stm32f1xx_hal_spi.o
    0x08003740   0x08003740   0x00000018   Code   RO          371    i.SysTick_Handler   stm32f1xx_it.o
    0x08003758   0x08003758   0x0000005e   Code   RO           14    i.SystemClock_Config  main.o
    0x080037b6   0x080037b6   0x00000002   Code   RO         2195    i.SystemInit        system_stm32f1xx.o
    0x080037b8   0x080037b8   0x00000018   Code   RO         4332    i.TimerCountdown    mqtt_interface.o
    0x080037d0   0x080037d0   0x00000010   Code   RO         4333    i.TimerCountdownMS  mqtt_interface.o
    0x080037e0   0x080037e0   0x00000006   Code   RO         4334    i.TimerInit         mqtt_interface.o
    0x080037e6   0x080037e6   0x00000002   PAD
    0x080037e8   0x080037e8   0x00000010   Code   RO         4335    i.TimerIsExpired    mqtt_interface.o
    0x080037f8   0x080037f8   0x00000014   Code   RO         4336    i.TimerLeftMS       mqtt_interface.o
    0x0800380c   0x0800380c   0x00000010   Code   RO         1874    i.UART_DMAAbortOnError  stm32f1xx_hal_uart.o
    0x0800381c   0x0800381c   0x0000004e   Code   RO         1884    i.UART_EndRxTransfer  stm32f1xx_hal_uart.o
    0x0800386a   0x0800386a   0x000000c2   Code   RO         1886    i.UART_Receive_IT   stm32f1xx_hal_uart.o
    0x0800392c   0x0800392c   0x000000b8   Code   RO         1887    i.UART_SetConfig    stm32f1xx_hal_uart.o
    0x080039e4   0x080039e4   0x00000036   Code   RO         1889    i.UART_Start_Receive_IT  stm32f1xx_hal_uart.o
    0x08003a1a   0x08003a1a   0x00000072   Code   RO         1890    i.UART_WaitOnFlagUntilTimeout  stm32f1xx_hal_uart.o
    0x08003a8c   0x08003a8c   0x0000000c   Code   RO          372    i.USART2_IRQHandler  stm32f1xx_it.o
    0x08003a98   0x08003a98   0x00000002   Code   RO          373    i.UsageFault_Handler  stm32f1xx_it.o
    0x08003a9a   0x08003a9a   0x00000002   PAD
    0x08003a9c   0x08003a9c   0x00000058   Code   RO         4223    i.WIZCHIP_READ      w5500.o
    0x08003af4   0x08003af4   0x00000074   Code   RO         4224    i.WIZCHIP_READ_BUF  w5500.o
    0x08003b68   0x08003b68   0x00000060   Code   RO         4225    i.WIZCHIP_WRITE     w5500.o
    0x08003bc8   0x08003bc8   0x00000070   Code   RO         4226    i.WIZCHIP_WRITE_BUF  w5500.o
    0x08003c38   0x08003c38   0x00000020   Code   RO         5351    i.__0printf         mc_w.l(printfa.o)
    0x08003c58   0x08003c58   0x00000028   Code   RO         5353    i.__0sprintf        mc_w.l(printfa.o)
    0x08003c80   0x08003c80   0x00000020   Code   RO         1308    i.__NVIC_SetPriority  stm32f1xx_hal_cortex.o
    0x08003ca0   0x08003ca0   0x0000005c   Code   RO         5383    i.__free$realloc    mc_w.l(mallocr.o)
    0x08003cfc   0x08003cfc   0x00000050   Code   RO         5384    i.__malloc$realloc  mc_w.l(mallocr.o)
    0x08003d4c   0x08003d4c   0x0000000e   Code   RO         5488    i.__scatterload_copy  mc_w.l(handlers.o)
    0x08003d5a   0x08003d5a   0x00000002   Code   RO         5489    i.__scatterload_null  mc_w.l(handlers.o)
    0x08003d5c   0x08003d5c   0x0000000e   Code   RO         5490    i.__scatterload_zeroinit  mc_w.l(handlers.o)
    0x08003d6a   0x08003d6a   0x00000002   PAD
    0x08003d6c   0x08003d6c   0x00000184   Code   RO         5358    i._fp_digits        mc_w.l(printfa.o)
    0x08003ef0   0x08003ef0   0x0000000e   Code   RO         5411    i._is_digit         mc_w.l(scanf_fp.o)
    0x08003efe   0x08003efe   0x00000002   PAD
    0x08003f00   0x08003f00   0x000006b4   Code   RO         5359    i._printf_core      mc_w.l(printfa.o)
    0x080045b4   0x080045b4   0x00000024   Code   RO         5360    i._printf_post_padding  mc_w.l(printfa.o)
    0x080045d8   0x080045d8   0x0000002e   Code   RO         5361    i._printf_pre_padding  mc_w.l(printfa.o)
    0x08004606   0x08004606   0x0000000a   Code   RO         5363    i._sputc            mc_w.l(printfa.o)
    0x08004610   0x08004610   0x0000002a   Code   RO         2299    i.add_item_to_array  cjson.o
    0x0800463a   0x0800463a   0x0000005a   Code   RO         2300    i.add_item_to_object  cjson.o
    0x08004694   0x08004694   0x00000024   Code   RO         4707    i.bufchar           mqttpacket.o
    0x080046b8   0x080046b8   0x00000030   Code   RO         2301    i.buffer_skip_whitespace  cjson.o
    0x080046e8   0x080046e8   0x00000034   Code   RO         2311    i.cJSON_AddNumberToObject  cjson.o
    0x0800471c   0x0800471c   0x00000030   Code   RO         2314    i.cJSON_AddStringToObject  cjson.o
    0x0800474c   0x0800474c   0x00000060   Code   RO         2325    i.cJSON_CreateNumber  cjson.o
    0x080047ac   0x080047ac   0x00000018   Code   RO         2326    i.cJSON_CreateObject  cjson.o
    0x080047c4   0x080047c4   0x00000030   Code   RO         2329    i.cJSON_CreateString  cjson.o
    0x080047f4   0x080047f4   0x00000050   Code   RO         2333    i.cJSON_Delete      cjson.o
    0x08004844   0x08004844   0x00000006   Code   RO         2346    i.cJSON_GetObjectItem  cjson.o
    0x0800484a   0x0800484a   0x00000016   Code   RO         2363    i.cJSON_New_Item    cjson.o
    0x08004860   0x08004860   0x00000008   Code   RO         2364    i.cJSON_Parse       cjson.o
    0x08004868   0x08004868   0x000000dc   Code   RO         2366    i.cJSON_ParseWithLengthOpts  cjson.o
    0x08004944   0x08004944   0x00000022   Code   RO         2367    i.cJSON_ParseWithOpts  cjson.o
    0x08004966   0x08004966   0x00000002   PAD
    0x08004968   0x08004968   0x0000000c   Code   RO         2371    i.cJSON_PrintUnformatted  cjson.o
    0x08004974   0x08004974   0x0000000c   Code   RO         2379    i.cJSON_free        cjson.o
    0x08004980   0x08004980   0x00000028   Code   RO         2381    i.cJSON_strdup      cjson.o
    0x080049a8   0x080049a8   0x00000074   Code   RO         3896    i.close             socket.o
    0x08004a1c   0x08004a1c   0x00000058   Code   RO         2382    i.compare_double    cjson.o
    0x08004a74   0x08004a74   0x00000108   Code   RO         3897    i.connect           socket.o
    0x08004b7c   0x08004b7c   0x000000fe   Code   RO         4415    i.cycle             mqttclient.o
    0x08004c7a   0x08004c7a   0x00000002   PAD
    0x08004c7c   0x08004c7c   0x000000ae   Code   RO         4416    i.deliverMessage    mqttclient.o
    0x08004d2a   0x08004d2a   0x00000002   PAD
    0x08004d2c   0x08004d2c   0x0000008c   Code   RO         3899    i.disconnect        socket.o
    0x08004db8   0x08004db8   0x0000008a   Code   RO         2384    i.ensure            cjson.o
    0x08004e42   0x08004e42   0x00000002   PAD
    0x08004e44   0x08004e44   0x00000018   Code   RO         2232    i.fputc             com_debug.o
    0x08004e5c   0x08004e5c   0x00000016   Code   RO         4417    i.getNextPacketId   mqttclient.o
    0x08004e72   0x08004e72   0x0000004c   Code   RO         4227    i.getSn_RX_RSR      w5500.o
    0x08004ebe   0x08004ebe   0x0000004c   Code   RO         4228    i.getSn_TX_FSR      w5500.o
    0x08004f0a   0x08004f0a   0x0000007a   Code   RO         2386    i.get_object_item   cjson.o
    0x08004f84   0x08004f84   0x00000050   Code   RO         5385    i.internal_alloc    mc_w.l(mallocr.o)
    0x08004fd4   0x08004fd4   0x00000050   Code   RO         4418    i.keepalive         mqttclient.o
    0x08005024   0x08005024   0x0000001e   Code   RO           15    i.main              main.o
    0x08005042   0x08005042   0x000000d0   Code   RO         2388    i.parse_array       cjson.o
    0x08005112   0x08005112   0x00000040   Code   RO         2389    i.parse_hex4        cjson.o
    0x08005152   0x08005152   0x00000002   PAD
    0x08005154   0x08005154   0x000000f0   Code   RO         2390    i.parse_number      cjson.o
    0x08005244   0x08005244   0x00000110   Code   RO         2391    i.parse_object      cjson.o
    0x08005354   0x08005354   0x0000010c   Code   RO         2392    i.parse_string      cjson.o
    0x08005460   0x08005460   0x000000fc   Code   RO         2393    i.parse_value       cjson.o
    0x0800555c   0x0800555c   0x0000009a   Code   RO         2394    i.print             cjson.o
    0x080055f6   0x080055f6   0x00000096   Code   RO         2395    i.print_array       cjson.o
    0x0800568c   0x0800568c   0x00000110   Code   RO         2396    i.print_number      cjson.o
    0x0800579c   0x0800579c   0x00000140   Code   RO         2397    i.print_object      cjson.o
    0x080058dc   0x080058dc   0x00000110   Code   RO         2398    i.print_string_ptr  cjson.o
    0x080059ec   0x080059ec   0x000000d0   Code   RO         2399    i.print_value       cjson.o
    0x08005abc   0x08005abc   0x00000088   Code   RO         3469    i.prvAddCurrentTaskToDelayedList  tasks.o
    0x08005b44   0x08005b44   0x000000f0   Code   RO         3470    i.prvAddNewTaskToReadyList  tasks.o
    0x08005c34   0x08005c34   0x0000005a   Code   RO         3209    i.prvCopyDataToQueue  queue.o
    0x08005c8e   0x08005c8e   0x00000014   Code   RO         3471    i.prvDeleteTCB      tasks.o
    0x08005ca2   0x08005ca2   0x00000002   PAD
    0x08005ca4   0x08005ca4   0x00000044   Code   RO         2927    i.prvHeapInit       heap_4.o
    0x08005ce8   0x08005ce8   0x00000060   Code   RO         3472    i.prvIdleTask       tasks.o
    0x08005d48   0x08005d48   0x00000070   Code   RO         3473    i.prvInitialiseNewTask  tasks.o
    0x08005db8   0x08005db8   0x0000004c   Code   RO         2928    i.prvInsertBlockIntoFreeList  heap_4.o
    0x08005e04   0x08005e04   0x0000001c   Code   RO         3210    i.prvIsQueueEmpty   queue.o
    0x08005e20   0x08005e20   0x0000001c   Code   RO         3474    i.prvResetNextTaskUnblockTime  tasks.o
    0x08005e3c   0x08005e3c   0x00000010   Code   RO         3010    i.prvTaskExitError  port.o
    0x08005e4c   0x08005e4c   0x0000006a   Code   RO         3211    i.prvUnlockQueue    queue.o
    0x08005eb6   0x08005eb6   0x00000002   PAD
    0x08005eb8   0x08005eb8   0x00000098   Code   RO         2930    i.pvPortMalloc      heap_4.o
    0x08005f50   0x08005f50   0x00000024   Code   RO         3011    i.pxPortInitialiseStack  port.o
    0x08005f74   0x08005f74   0x0000000c   Code   RO         4709    i.readChar          mqttpacket.o
    0x08005f80   0x08005f80   0x00000012   Code   RO         4710    i.readInt           mqttpacket.o
    0x08005f92   0x08005f92   0x00000034   Code   RO         4711    i.readMQTTLenString  mqttpacket.o
    0x08005fc6   0x08005fc6   0x000000a0   Code   RO         4419    i.readPacket        mqttclient.o
    0x08006066   0x08006066   0x00000002   PAD
    0x08006068   0x08006068   0x0000006c   Code   RO         5386    i.realloc           mc_w.l(mallocr.o)
    0x080060d4   0x080060d4   0x000000e4   Code   RO         3902    i.recv              socket.o
    0x080061b8   0x080061b8   0x00000024   Code   RO         3994    i.reg_wizchip_cris_cbfunc  wizchip_conf.o
    0x080061dc   0x080061dc   0x00000024   Code   RO         3995    i.reg_wizchip_cs_cbfunc  wizchip_conf.o
    0x08006200   0x08006200   0x0000002c   Code   RO         3996    i.reg_wizchip_spi_cbfunc  wizchip_conf.o
    0x0800622c   0x0800622c   0x0000011c   Code   RO         3904    i.send              socket.o
    0x08006348   0x08006348   0x00000054   Code   RO         4420    i.sendPacket        mqttclient.o
    0x0800639c   0x0800639c   0x0000011c   Code   RO         3907    i.socket            socket.o
    0x080064b8   0x080064b8   0x0000001c   Code   RO         5090    i.strtod            m_ws.l(strtod.o)
    0x080064d4   0x080064d4   0x00000020   Code   RO         3807    i.task_T            app_console_to_gateway.o
    0x080064f4   0x080064f4   0x00000050   Code   RO         3855    i.task_T_net        app_gateway_to_console.o
    0x08006544   0x08006544   0x0000001c   Code   RO         2401    i.update_offset     cjson.o
    0x08006560   0x08006560   0x0000002c   Code   RO         5075    i.usMBCRC16         mbcrc.o
    0x0800658c   0x0800658c   0x00000038   Code   RO         3998    i.user_register_callback  wizchip_conf.o
    0x080065c4   0x080065c4   0x000000d2   Code   RO         2402    i.utf16_literal_to_utf8  cjson.o
    0x08006696   0x08006696   0x00000026   Code   RO         3172    i.uxListRemove      list.o
    0x080066bc   0x080066bc   0x0000000c   Code   RO         3478    i.uxTaskGetNumberOfTasks  tasks.o
    0x080066c8   0x080066c8   0x00000016   Code   RO         3173    i.vListInitialise   list.o
    0x080066de   0x080066de   0x00000006   Code   RO         3174    i.vListInitialiseItem  list.o
    0x080066e4   0x080066e4   0x00000030   Code   RO         3175    i.vListInsert       list.o
    0x08006714   0x08006714   0x0000001c   Code   RO         3013    i.vPortEnterCritical  port.o
    0x08006730   0x08006730   0x00000014   Code   RO         3014    i.vPortExitCritical  port.o
    0x08006744   0x08006744   0x00000044   Code   RO         2932    i.vPortFree         heap_4.o
    0x08006788   0x08006788   0x00000018   Code   RO         3015    i.vPortSetupTimerInterrupt  port.o
    0x080067a0   0x080067a0   0x00000030   Code   RO         3482    i.vTaskDelay        tasks.o
    0x080067d0   0x080067d0   0x00000010   Code   RO         3486    i.vTaskInternalSetTimeOutState  tasks.o
    0x080067e0   0x080067e0   0x0000000c   Code   RO         3487    i.vTaskMissedYield  tasks.o
    0x080067ec   0x080067ec   0x00000020   Code   RO         3488    i.vTaskPlaceOnEventList  tasks.o
    0x0800680c   0x0800680c   0x00000050   Code   RO         3494    i.vTaskStartScheduler  tasks.o
    0x0800685c   0x0800685c   0x00000010   Code   RO         3496    i.vTaskSuspendAll   tasks.o
    0x0800686c   0x0800686c   0x00000044   Code   RO         3497    i.vTaskSwitchContext  tasks.o
    0x080068b0   0x080068b0   0x00000006   Code   RO         4337    i.w5x00_disconnect  mqtt_interface.o
    0x080068b6   0x080068b6   0x00000034   Code   RO         4338    i.w5x00_read        mqtt_interface.o
    0x080068ea   0x080068ea   0x0000002c   Code   RO         4339    i.w5x00_write       mqtt_interface.o
    0x08006916   0x08006916   0x0000002a   Code   RO         4421    i.waitfor           mqttclient.o
    0x08006940   0x08006940   0x00000060   Code   RO         4229    i.wiz_recv_data     w5500.o
    0x080069a0   0x080069a0   0x00000060   Code   RO         4231    i.wiz_send_data     w5500.o
    0x08006a00   0x08006a00   0x00000004   Code   RO         3999    i.wizchip_bus_readdata  wizchip_conf.o
    0x08006a04   0x08006a04   0x00000004   Code   RO         4000    i.wizchip_bus_writedata  wizchip_conf.o
    0x08006a08   0x08006a08   0x00000004   Code   RO         4002    i.wizchip_cris_enter  wizchip_conf.o
    0x08006a0c   0x08006a0c   0x00000004   Code   RO         4003    i.wizchip_cris_exit  wizchip_conf.o
    0x08006a10   0x08006a10   0x00000010   Code   RO         4004    i.wizchip_cs_deselect  wizchip_conf.o
    0x08006a20   0x08006a20   0x00000010   Code   RO         4005    i.wizchip_cs_select  wizchip_conf.o
    0x08006a30   0x08006a30   0x0000003a   Code   RO         4291    i.wizchip_setnetWork  int_w5500.o
    0x08006a6a   0x08006a6a   0x00000002   PAD
    0x08006a6c   0x08006a6c   0x00000020   Code   RO         4017    i.wizchip_spi_readbyte  wizchip_conf.o
    0x08006a8c   0x08006a8c   0x00000018   Code   RO         4019    i.wizchip_spi_writebyte  wizchip_conf.o
    0x08006aa4   0x08006aa4   0x00000028   Code   RO         4712    i.writeCString      mqttpacket.o
    0x08006acc   0x08006acc   0x0000000c   Code   RO         4713    i.writeChar         mqttpacket.o
    0x08006ad8   0x08006ad8   0x0000001e   Code   RO         4714    i.writeInt          mqttpacket.o
    0x08006af6   0x08006af6   0x00000036   Code   RO         4715    i.writeMQTTString   mqttpacket.o
    0x08006b2c   0x08006b2c   0x00000030   Code   RO         3016    i.xPortStartScheduler  port.o
    0x08006b5c   0x08006b5c   0x0000002c   Code   RO         3017    i.xPortSysTickHandler  port.o
    0x08006b88   0x08006b88   0x00000046   Code   RO         3216    i.xQueueGenericCreate  queue.o
    0x08006bce   0x08006bce   0x00000002   PAD
    0x08006bd0   0x08006bd0   0x00000094   Code   RO         3217    i.xQueueGenericReset  queue.o
    0x08006c64   0x08006c64   0x000000f8   Code   RO         3218    i.xQueueGenericSend  queue.o
    0x08006d5c   0x08006d5c   0x00000066   Code   RO         3220    i.xQueueGiveFromISR  queue.o
    0x08006dc2   0x08006dc2   0x00000002   PAD
    0x08006dc4   0x08006dc4   0x000000e0   Code   RO         3227    i.xQueueSemaphoreTake  queue.o
    0x08006ea4   0x08006ea4   0x00000058   Code   RO         3499    i.xTaskCheckForTimeOut  tasks.o
    0x08006efc   0x08006efc   0x0000005c   Code   RO         3500    i.xTaskCreate       tasks.o
    0x08006f58   0x08006f58   0x0000001c   Code   RO         3507    i.xTaskGetSchedulerState  tasks.o
    0x08006f74   0x08006f74   0x00000124   Code   RO         3510    i.xTaskIncrementTick  tasks.o
    0x08007098   0x08007098   0x000000c8   Code   RO         3511    i.xTaskRemoveFromEventList  tasks.o
    0x08007160   0x08007160   0x00000118   Code   RO         3512    i.xTaskResumeAll    tasks.o
    0x08007278   0x08007278   0x00000012   Data   RO         1006    .constdata          stm32f1xx_hal_rcc.o
    0x0800728a   0x0800728a   0x00000010   Data   RO         2196    .constdata          system_stm32f1xx.o
    0x0800729a   0x0800729a   0x00000008   Data   RO         2197    .constdata          system_stm32f1xx.o
    0x080072a2   0x080072a2   0x00000002   PAD
    0x080072a4   0x080072a4   0x00000058   Data   RO         4422    .constdata          mqttclient.o
    0x080072fc   0x080072fc   0x00000058   Data   RO         4944    .constdata          int_mqtt.o
    0x08007354   0x08007354   0x00000200   Data   RO         5076    .constdata          mbcrc.o
    0x08007554   0x08007554   0x00000040   Data   RO         5484    .constdata          mc_w.l(ctype_c.o)
    0x08007594   0x08007594   0x00000020   Data   RO         5486    Region$$Table       anon$$obj.o


    Execution Region RW_IRAM1 (Exec base: 0x20000000, Load base: 0x080075b4, Size: 0x00003570, Max: 0x00005000, ABSOLUTE)

    Exec Addr    Load Addr    Size         Type   Attr      Idx    E Section Name        Object

    0x20000000   0x080075b4   0x0000000c   Data   RW          843    .data               stm32f1xx_hal.o
    0x2000000c   0x080075c0   0x00000004   Data   RW         2198    .data               system_stm32f1xx.o
    0x20000010   0x080075c4   0x00000014   Data   RW         2404    .data               cjson.o
    0x20000024   0x080075d8   0x0000001c   Data   RW         2938    .data               heap_4.o
    0x20000040   0x080075f4   0x00000004   Data   RW         3018    .data               port.o
    0x20000044   0x080075f8   0x00000040   Data   RW         3515    .data               tasks.o
    0x20000084   0x08007638   0x00000008   Data   RW         3771    .data               app_main.o
    0x2000008c   0x08007640   0x00000001   Data   RW         3808    .data               app_console_to_gateway.o
    0x2000008d   0x08007641   0x00000003   PAD
    0x20000090   0x08007644   0x00000008   Data   RW         3857    .data               app_gateway_to_console.o
    0x20000098   0x0800764c   0x0000000e   Data   RW         3909    .data               socket.o
    0x200000a6   0x0800765a   0x00000002   PAD
    0x200000a8   0x0800765c   0x00000034   Data   RW         4028    .data               wizchip_conf.o
    0x200000dc   0x08007690   0x00000017   Data   RW         4293    .data               int_w5500.o
    0x200000f3   0x080076a7   0x00000001   PAD
    0x200000f4   0x080076a8   0x00000004   Data   RW         4340    .data               mqtt_interface.o
    0x200000f8   0x080076ac   0x00000004   Data   RW         4716    .data               mqttpacket.o
    0x200000fc   0x080076b0   0x00000008   Data   RW         4945    .data               int_mqtt.o
    0x20000104   0x080076b8   0x00000004   Data   RW         5447    .data               mc_w.l(stdout.o)
    0x20000108   0x080076bc   0x00000004   Data   RW         5456    .data               mc_w.l(mvars.o)
    0x2000010c   0x080076c0   0x00000004   Data   RW         5457    .data               mc_w.l(mvars.o)
    0x20000110        -       0x00000058   Zero   RW          279    .bss                spi.o
    0x20000168        -       0x00000090   Zero   RW          322    .bss                usart.o
    0x200001f8        -       0x00002800   Zero   RW         2937    .bss                heap_4.o
    0x200029f8        -       0x000000c8   Zero   RW         3514    .bss                tasks.o
    0x20002ac0        -       0x00000032   Zero   RW         3856    .bss                app_gateway_to_console.o
    0x20002af2        -       0x00000010   Zero   RW         3908    .bss                socket.o
    0x20002b02   0x080076c4   0x00000002   PAD
    0x20002b04        -       0x0000046c   Zero   RW         4943    .bss                int_mqtt.o
    0x20002f70        -       0x00000200   Zero   RW            2    HEAP                startup_stm32f103xb.o
    0x20003170        -       0x00000400   Zero   RW            1    STACK               startup_stm32f103xb.o


==============================================================================

Image component sizes


      Code (inc. data)   RO Data    RW Data    ZI Data      Debug   Object Name

       252         82          0          1          0       3302   app_console_to_gateway.o
       416        140          0          8         50       3011   app_gateway_to_console.o
       196         94          0          8          0        788   app_main.o
      4148        186          0         20          0      35950   cjson.o
        24          4          0          0          0       1692   com_debug.o
        28          0          0          0          0        897   com_delay.o
         0          0          0          0          0      12016   event_groups.o
       168         14          0          0          0        919   gpio.o
       364         22          0         28      10240       7059   heap_4.o
       290         38          0          0          0       2511   int_modbus.o
       582        274         88          8       1132       5866   int_mqtt.o
       138         12          0         23          0       1514   int_w5500.o
       114          0          0          0          0       2569   list.o
       128          0          0          0          0     414396   main.o
        44          4        512          0          0       1128   mbcrc.o
       260         32          0          4          0       6684   mqtt_interface.o
      1436         18         88          0          0      14772   mqttclient.o
       544         18          0          0          0       6817   mqttconnectclient.o
       212          0          0          0          0       2356   mqttdeserializepublish.o
       476         22          0          4          0       9512   mqttpacket.o
       236          0          0          0          0       3194   mqttserializepublish.o
       310          0          0          0          0       3395   mqttsubscribeclient.o
       366         44          0          4          0       8844   port.o
      1016         14          0          0          0      11833   queue.o
      1316         38          0         14         16       8805   socket.o
       184         22          0          0         88       1573   spi.o
        36          8        236          0       1536        784   startup_stm32f103xb.o
       164         28          0         12          0       5741   stm32f1xx_hal.o
       198         14          0          0          0      28823   stm32f1xx_hal_cortex.o
       222          4          0          0          0       1711   stm32f1xx_hal_dma.o
       490         34          0          0          0       2832   stm32f1xx_hal_gpio.o
        60          8          0          0          0        834   stm32f1xx_hal_msp.o
      1240         84         18          0          0       4992   stm32f1xx_hal_rcc.o
      1700          4          0          0          0       7894   stm32f1xx_hal_spi.o
      1604         10          0          0          0      10837   stm32f1xx_hal_uart.o
        48          6          0          0          0       3363   stm32f1xx_it.o
         2          0         24          4          0       1059   system_stm32f1xx.o
      1896        138          0         64        200      29247   tasks.o
       316         34          0          0        144       2271   usart.o
       756         18          0          0          0       5620   w5500.o
       276         88          0         52          0      10122   wizchip_conf.o

    ----------------------------------------------------------------------
     22308       1556       1000        260      13408     687533   Object Totals
         0          0         32          0          0          0   (incl. Generated)
        52          0          2          6          2          0   (incl. Padding)

    ----------------------------------------------------------------------

      Code (inc. data)   RO Data    RW Data    ZI Data      Debug   Library Member Name

        28          0          0          0          0         80   strtod.o
        56          8          0          0          0         84   __0sscanf.o
       816          6          0          0          0        112   _scanf.o
        64          0          0          0          0         84   _sgetc.o
        40          6         64          0          0         68   ctype_c.o
         0          0          0          0          0          0   entry.o
         0          0          0          0          0          0   entry10a.o
         0          0          0          0          0          0   entry11a.o
         4          0          0          0          0          0   entry12b.o
         8          4          0          0          0          0   entry2.o
         4          0          0          0          0          0   entry5.o
         0          0          0          0          0          0   entry7b.o
         0          0          0          0          0          0   entry8b.o
         8          4          0          0          0          0   entry9a.o
        30          0          0          0          0          0   handlers.o
        36          8          0          0          0         68   init.o
        10          0          0          0          0         68   isspace_c.o
         0          0          0          0          0          0   iusefp.o
        30          0          0          0          0         68   llshl.o
        36          0          0          0          0         68   llsshr.o
        32          0          0          0          0         68   llushr.o
       360         30          0          0          0        356   mallocr.o
        36          0          0          0          0         68   memcpya.o
        36          0          0          0          0        108   memseta.o
         0          0          0          8          0          0   mvars.o
      2268         96          0          0          0        616   printfa.o
        40          8          0          0          0         84   scanf_char.o
       878         12          0          0          0        216   scanf_fp.o
         0          0          0          4          0          0   stdout.o
        28          0          0          0          0         76   strcmp.o
        18          0          0          0          0         68   strcpy.o
        14          0          0          0          0         68   strlen.o
        30          0          0          0          0         80   strncmp.o
        22          0          0          0          0         68   strrchr.o
       156         12          0          0          0        120   strtod.o
        12          0          0          0          0         68   tolower.o
        44          0          0          0          0         80   uidiv.o
        98          0          0          0          0         92   uldiv.o
        48          0          0          0          0         68   cdcmple.o
        48          0          0          0          0         68   cdrcmple.o
        56          0          0          0          0         88   d2f.o
       334          0          0          0          0        148   dadd.o
       222          0          0          0          0        100   ddiv.o
       186          0          0          0          0        176   depilogue.o
        62          0          0          0          0         80   dfixi.o
        48          0          0          0          0         68   dfixul.o
        34          0          0          0          0         76   dflti.o
        26          0          0          0          0         76   dfltui.o
        24          0          0          0          0         76   dfltul.o
       228          0          0          0          0         96   dmul.o
        46          0          0          0          0         80   dscalb.o
        38          0          0          0          0         68   f2d.o
       110          0          0          0          0        168   fepilogue.o

    ----------------------------------------------------------------------
      6760        194         64         12          0       4372   Library Totals
         8          0          0          0          0          0   (incl. Padding)

    ----------------------------------------------------------------------

      Code (inc. data)   RO Data    RW Data    ZI Data      Debug   Library Name

        28          0          0          0          0         80   m_ws.l
      5214        194         64         12          0       2856   mc_w.l
      1510          0          0          0          0       1436   mf_w.l

    ----------------------------------------------------------------------
      6760        194         64         12          0       4372   Library Totals

    ----------------------------------------------------------------------

==============================================================================


      Code (inc. data)   RO Data    RW Data    ZI Data      Debug   

     29068       1750       1064        272      13408     677601   Grand Totals
     29068       1750       1064        272      13408     677601   ELF Image Totals
     29068       1750       1064        272          0          0   ROM Totals

==============================================================================

    Total RO  Size (Code + RO Data)                30132 (  29.43kB)
    Total RW  Size (RW Data + ZI Data)             13680 (  13.36kB)
    Total ROM Size (Code + RO Data + RW Data)      30404 (  29.69kB)

==============================================================================

